Component: ARM Compiler 5.06 update 6 (build 750) Tool: armlink [4d35ed]

==============================================================================

Section Cross References

    main.o(i.TIM17_IRQHandler) refers to main.o(i.TimingDelayDec) for TimingDelayDec
    main.o(i.TimingDelayDec) refers to main.o(.data) for TimingDelay
    main.o(i.delay_ms) refers to main.o(.data) for TimingDelay
    main.o(i.initial) refers to main.o(i.__NVIC_SetPriority) for __NVIC_SetPriority
    main.o(i.main) refers to main.o(i.initial) for initial
    main.o(i.main) refers to main.o(i.delay_ms) for delay_ms
    main.o(i.main) refers to ssd1306.o(i.LCD_Init) for LCD_Init
    main.o(i.main) refers to ssd1306.o(i.LCD_Clear) for LCD_Clear
    main.o(i.main) refers to ssd1306.o(i.LCD_Gotoxy) for LCD_Gotoxy
    main.o(i.main) refers to ssd1306.o(i.LCD_PrintStr) for LCD_PrintStr
    main.o(i.main) refers to vl53l0x.o(i.init_VL53L0X) for init_VL53L0X
    main.o(i.main) refers to vl53l0x.o(i.VL53L0X_readReg) for VL53L0X_readReg
    main.o(i.main) refers to ssd1306.o(i.LCD_PrintDec) for LCD_PrintDec
    main.o(i.main) refers to vl53l0x.o(i.VL53L0X_readRangeSingleMillimeters) for VL53L0X_readRangeSingleMillimeters
    main.o(i.main) refers to main.o(.data) for sec05_f
    vl53l0x.o(i.VL53L0X_getMeasurementTimingBudget) refers to vl53l0x.o(i.VL53L0X_getSequenceStepEnables) for VL53L0X_getSequenceStepEnables
    vl53l0x.o(i.VL53L0X_getMeasurementTimingBudget) refers to vl53l0x.o(i.VL53L0X_getSequenceStepTimeouts) for VL53L0X_getSequenceStepTimeouts
    vl53l0x.o(i.VL53L0X_getMeasurementTimingBudget) refers to vl53l0x.o(.bss) for VL53L0X
    vl53l0x.o(i.VL53L0X_getSequenceStepEnables) refers to vl53l0x.o(i.VL53L0X_readReg) for VL53L0X_readReg
    vl53l0x.o(i.VL53L0X_getSequenceStepTimeouts) refers to vl53l0x.o(i.VL53L0X_getVcselPulsePeriod) for VL53L0X_getVcselPulsePeriod
    vl53l0x.o(i.VL53L0X_getSequenceStepTimeouts) refers to vl53l0x.o(i.VL53L0X_readReg) for VL53L0X_readReg
    vl53l0x.o(i.VL53L0X_getSequenceStepTimeouts) refers to vl53l0x.o(i.VL53L0X_timeoutMclksToMicroseconds) for VL53L0X_timeoutMclksToMicroseconds
    vl53l0x.o(i.VL53L0X_getSequenceStepTimeouts) refers to vl53l0x.o(i.VL53L0X_readReg16Bit) for VL53L0X_readReg16Bit
    vl53l0x.o(i.VL53L0X_getSequenceStepTimeouts) refers to vl53l0x.o(i.VL53L0X_decodeTimeout) for VL53L0X_decodeTimeout
    vl53l0x.o(i.VL53L0X_getSignalRateLimit) refers to vl53l0x.o(i.VL53L0X_readReg16Bit) for VL53L0X_readReg16Bit
    vl53l0x.o(i.VL53L0X_getSignalRateLimit) refers to fflti.o(.text) for __aeabi_ui2f
    vl53l0x.o(i.VL53L0X_getSignalRateLimit) refers to fdiv.o(.text) for __aeabi_fdiv
    vl53l0x.o(i.VL53L0X_getSpadInfo) refers to vl53l0x.o(i.VL53L0X_writeReg) for VL53L0X_writeReg
    vl53l0x.o(i.VL53L0X_getSpadInfo) refers to vl53l0x.o(i.VL53L0X_readReg) for VL53L0X_readReg
    vl53l0x.o(i.VL53L0X_getSpadInfo) refers to vl53l0x.o(.bss) for VL53L0X
    vl53l0x.o(i.VL53L0X_getVcselPulsePeriod) refers to vl53l0x.o(i.VL53L0X_readReg) for VL53L0X_readReg
    vl53l0x.o(i.VL53L0X_init) refers to vl53l0x.o(i.VL53L0X_readReg) for VL53L0X_readReg
    vl53l0x.o(i.VL53L0X_init) refers to vl53l0x.o(i.VL53L0X_writeReg) for VL53L0X_writeReg
    vl53l0x.o(i.VL53L0X_init) refers to vl53l0x.o(i.VL53L0X_setSignalRateLimit) for VL53L0X_setSignalRateLimit
    vl53l0x.o(i.VL53L0X_init) refers to vl53l0x.o(i.VL53L0X_getSpadInfo) for VL53L0X_getSpadInfo
    vl53l0x.o(i.VL53L0X_init) refers to vl53l0x.o(i.VL53L0X_readMulti) for VL53L0X_readMulti
    vl53l0x.o(i.VL53L0X_init) refers to vl53l0x.o(i.VL53L0X_writeMulti) for VL53L0X_writeMulti
    vl53l0x.o(i.VL53L0X_init) refers to vl53l0x.o(i.VL53L0X_getMeasurementTimingBudget) for VL53L0X_getMeasurementTimingBudget
    vl53l0x.o(i.VL53L0X_init) refers to vl53l0x.o(i.VL53L0X_setMeasurementTimingBudget) for VL53L0X_setMeasurementTimingBudget
    vl53l0x.o(i.VL53L0X_init) refers to vl53l0x.o(i.VL53L0X_performSingleRefCalibration) for VL53L0X_performSingleRefCalibration
    vl53l0x.o(i.VL53L0X_init) refers to vl53l0x.o(.bss) for VL53L0X
    vl53l0x.o(i.VL53L0X_performSingleRefCalibration) refers to vl53l0x.o(i.VL53L0X_writeReg) for VL53L0X_writeReg
    vl53l0x.o(i.VL53L0X_performSingleRefCalibration) refers to vl53l0x.o(i.VL53L0X_readReg) for VL53L0X_readReg
    vl53l0x.o(i.VL53L0X_performSingleRefCalibration) refers to vl53l0x.o(.bss) for VL53L0X
    vl53l0x.o(i.VL53L0X_readMulti) refers to vl53l0x.o(.bss) for VL53L0X
    vl53l0x.o(i.VL53L0X_readRangeContinuousMillimeters) refers to vl53l0x.o(i.VL53L0X_readReg) for VL53L0X_readReg
    vl53l0x.o(i.VL53L0X_readRangeContinuousMillimeters) refers to vl53l0x.o(i.VL53L0X_readReg16Bit) for VL53L0X_readReg16Bit
    vl53l0x.o(i.VL53L0X_readRangeContinuousMillimeters) refers to vl53l0x.o(i.VL53L0X_writeReg) for VL53L0X_writeReg
    vl53l0x.o(i.VL53L0X_readRangeContinuousMillimeters) refers to vl53l0x.o(.bss) for VL53L0X
    vl53l0x.o(i.VL53L0X_readRangeSingleMillimeters) refers to vl53l0x.o(i.VL53L0X_writeReg) for VL53L0X_writeReg
    vl53l0x.o(i.VL53L0X_readRangeSingleMillimeters) refers to vl53l0x.o(i.VL53L0X_readReg) for VL53L0X_readReg
    vl53l0x.o(i.VL53L0X_readRangeSingleMillimeters) refers to vl53l0x.o(i.VL53L0X_readRangeContinuousMillimeters) for VL53L0X_readRangeContinuousMillimeters
    vl53l0x.o(i.VL53L0X_readRangeSingleMillimeters) refers to vl53l0x.o(.bss) for VL53L0X
    vl53l0x.o(i.VL53L0X_readReg) refers to vl53l0x.o(.bss) for VL53L0X
    vl53l0x.o(i.VL53L0X_readReg16Bit) refers to vl53l0x.o(.bss) for VL53L0X
    vl53l0x.o(i.VL53L0X_readReg32Bit) refers to vl53l0x.o(.bss) for VL53L0X
    vl53l0x.o(i.VL53L0X_setAddress) refers to vl53l0x.o(i.VL53L0X_writeReg) for VL53L0X_writeReg
    vl53l0x.o(i.VL53L0X_setAddress) refers to vl53l0x.o(.bss) for VL53L0X
    vl53l0x.o(i.VL53L0X_setMeasurementTimingBudget) refers to vl53l0x.o(i.VL53L0X_getSequenceStepEnables) for VL53L0X_getSequenceStepEnables
    vl53l0x.o(i.VL53L0X_setMeasurementTimingBudget) refers to vl53l0x.o(i.VL53L0X_getSequenceStepTimeouts) for VL53L0X_getSequenceStepTimeouts
    vl53l0x.o(i.VL53L0X_setMeasurementTimingBudget) refers to vl53l0x.o(i.VL53L0X_timeoutMicrosecondsToMclks) for VL53L0X_timeoutMicrosecondsToMclks
    vl53l0x.o(i.VL53L0X_setMeasurementTimingBudget) refers to vl53l0x.o(i.VL53L0X_encodeTimeout) for VL53L0X_encodeTimeout
    vl53l0x.o(i.VL53L0X_setMeasurementTimingBudget) refers to vl53l0x.o(i.VL53L0X_writeReg16Bit) for VL53L0X_writeReg16Bit
    vl53l0x.o(i.VL53L0X_setMeasurementTimingBudget) refers to vl53l0x.o(.bss) for VL53L0X
    vl53l0x.o(i.VL53L0X_setSignalRateLimit) refers to flef.o(x$fpl$fleqf) for __aeabi_cfcmple
    vl53l0x.o(i.VL53L0X_setSignalRateLimit) refers to f2d.o(.text) for __aeabi_f2d
    vl53l0x.o(i.VL53L0X_setSignalRateLimit) refers to drlef.o(x$fpl$drleqf) for __aeabi_cdrcmple
    vl53l0x.o(i.VL53L0X_setSignalRateLimit) refers to fmul.o(x$fpl$fmul) for __aeabi_fmul
    vl53l0x.o(i.VL53L0X_setSignalRateLimit) refers to ffixui.o(.text) for __aeabi_f2uiz
    vl53l0x.o(i.VL53L0X_setSignalRateLimit) refers to vl53l0x.o(i.VL53L0X_writeReg16Bit) for VL53L0X_writeReg16Bit
    vl53l0x.o(i.VL53L0X_setVcselPulsePeriod) refers to vl53l0x.o(i.VL53L0X_getSequenceStepEnables) for VL53L0X_getSequenceStepEnables
    vl53l0x.o(i.VL53L0X_setVcselPulsePeriod) refers to vl53l0x.o(i.VL53L0X_getSequenceStepTimeouts) for VL53L0X_getSequenceStepTimeouts
    vl53l0x.o(i.VL53L0X_setVcselPulsePeriod) refers to vl53l0x.o(i.VL53L0X_writeReg) for VL53L0X_writeReg
    vl53l0x.o(i.VL53L0X_setVcselPulsePeriod) refers to vl53l0x.o(i.VL53L0X_timeoutMicrosecondsToMclks) for VL53L0X_timeoutMicrosecondsToMclks
    vl53l0x.o(i.VL53L0X_setVcselPulsePeriod) refers to vl53l0x.o(i.VL53L0X_encodeTimeout) for VL53L0X_encodeTimeout
    vl53l0x.o(i.VL53L0X_setVcselPulsePeriod) refers to vl53l0x.o(i.VL53L0X_writeReg16Bit) for VL53L0X_writeReg16Bit
    vl53l0x.o(i.VL53L0X_setVcselPulsePeriod) refers to vl53l0x.o(i.VL53L0X_setMeasurementTimingBudget) for VL53L0X_setMeasurementTimingBudget
    vl53l0x.o(i.VL53L0X_setVcselPulsePeriod) refers to vl53l0x.o(i.VL53L0X_readReg) for VL53L0X_readReg
    vl53l0x.o(i.VL53L0X_setVcselPulsePeriod) refers to vl53l0x.o(i.VL53L0X_performSingleRefCalibration) for VL53L0X_performSingleRefCalibration
    vl53l0x.o(i.VL53L0X_setVcselPulsePeriod) refers to vl53l0x.o(.bss) for VL53L0X
    vl53l0x.o(i.VL53L0X_timeoutMclksToMicroseconds) refers to aeabi_sdiv.o(.text) for __aeabi_uidivmod
    vl53l0x.o(i.VL53L0X_timeoutMicrosecondsToMclks) refers to aeabi_sdiv.o(.text) for __aeabi_uidivmod
    vl53l0x.o(i.VL53L0X_writeMulti) refers to vl53l0x.o(.bss) for VL53L0X
    vl53l0x.o(i.VL53L0X_writeReg) refers to vl53l0x.o(.bss) for VL53L0X
    vl53l0x.o(i.VL53L0X_writeReg16Bit) refers to vl53l0x.o(.bss) for VL53L0X
    vl53l0x.o(i.VL53L0X_writeReg32Bit) refers to vl53l0x.o(.bss) for VL53L0X
    vl53l0x.o(i.init_VL53L0X) refers to vl53l0x.o(i.VL53L0X_readReg) for VL53L0X_readReg
    vl53l0x.o(i.init_VL53L0X) refers to vl53l0x.o(i.VL53L0X_init) for VL53L0X_init
    vl53l0x.o(i.init_VL53L0X) refers to vl53l0x.o(i.VL53L0X_setMeasurementTimingBudget) for VL53L0X_setMeasurementTimingBudget
    vl53l0x.o(i.init_VL53L0X) refers to vl53l0x.o(.bss) for VL53L0X
    vl53l0x.o(i.init_VL53L0X) refers to vl53l0x.o(.data) for VL53L0X_rev_id
    ssd1306.o(i.CMD) refers to ssd1306.o(i.I2C_write) for I2C_write
    ssd1306.o(i.Flip_mode) refers to ssd1306.o(i.I2C_Start) for I2C_Start
    ssd1306.o(i.Flip_mode) refers to ssd1306.o(i.CMD) for CMD
    ssd1306.o(i.Flip_mode) refers to ssd1306.o(i.I2C_Stop) for I2C_Stop
    ssd1306.o(i.LCD_Char) refers to ssd1306.o(i.I2C_Start) for I2C_Start
    ssd1306.o(i.LCD_Char) refers to ssd1306.o(i.I2C_write) for I2C_write
    ssd1306.o(i.LCD_Char) refers to ssd1306.o(i.I2C_Stop) for I2C_Stop
    ssd1306.o(i.LCD_Char) refers to ssd1306.o(.constdata) for font
    ssd1306.o(i.LCD_Clear) refers to ssd1306.o(i.I2C_Start) for I2C_Start
    ssd1306.o(i.LCD_Clear) refers to ssd1306.o(i.CMD) for CMD
    ssd1306.o(i.LCD_Clear) refers to ssd1306.o(i.I2C_write) for I2C_write
    ssd1306.o(i.LCD_Clear) refers to ssd1306.o(i.I2C_Stop) for I2C_Stop
    ssd1306.o(i.LCD_ClearStr) refers to ssd1306.o(i.LCD_Gotoxy) for LCD_Gotoxy
    ssd1306.o(i.LCD_ClearStr) refers to ssd1306.o(i.I2C_Start) for I2C_Start
    ssd1306.o(i.LCD_ClearStr) refers to ssd1306.o(i.CMD) for CMD
    ssd1306.o(i.LCD_ClearStr) refers to ssd1306.o(i.I2C_write) for I2C_write
    ssd1306.o(i.LCD_ClearStr) refers to ssd1306.o(i.I2C_Stop) for I2C_Stop
    ssd1306.o(i.LCD_Gotoxy) refers to ssd1306.o(i.I2C_Start) for I2C_Start
    ssd1306.o(i.LCD_Gotoxy) refers to ssd1306.o(i.CMD) for CMD
    ssd1306.o(i.LCD_Gotoxy) refers to ssd1306.o(i.I2C_Stop) for I2C_Stop
    ssd1306.o(i.LCD_Init) refers to ssd1306.o(i.I2C_Start) for I2C_Start
    ssd1306.o(i.LCD_Init) refers to ssd1306.o(i.CMD) for CMD
    ssd1306.o(i.LCD_Init) refers to ssd1306.o(i.I2C_Stop) for I2C_Stop
    ssd1306.o(i.LCD_Init) refers to ssd1306.o(.constdata) for init_lcd
    ssd1306.o(i.LCD_PrintBin) refers to ssd1306.o(i.LCD_Char) for LCD_Char
    ssd1306.o(i.LCD_PrintDec) refers to aeabi_sdiv.o(.text) for __aeabi_idivmod
    ssd1306.o(i.LCD_PrintDec) refers to ssd1306.o(i.LCD_Char) for LCD_Char
    ssd1306.o(i.LCD_PrintHex) refers to ssd1306.o(i.LCD_Char) for LCD_Char
    ssd1306.o(i.LCD_PrintStr) refers to ssd1306.o(i.LCD_Char) for LCD_Char
    ssd1306.o(i.LCD_mode) refers to ssd1306.o(i.I2C_Start) for I2C_Start
    ssd1306.o(i.LCD_mode) refers to ssd1306.o(i.CMD) for CMD
    ssd1306.o(i.LCD_mode) refers to ssd1306.o(i.I2C_Stop) for I2C_Stop
    ssd1306.o(i.scroll_area) refers to ssd1306.o(i.I2C_Start) for I2C_Start
    ssd1306.o(i.scroll_area) refers to ssd1306.o(i.CMD) for CMD
    ssd1306.o(i.scroll_area) refers to ssd1306.o(i.I2C_Stop) for I2C_Stop
    ssd1306.o(i.scroll_vleft) refers to ssd1306.o(i.I2C_Start) for I2C_Start
    ssd1306.o(i.scroll_vleft) refers to ssd1306.o(i.CMD) for CMD
    ssd1306.o(i.scroll_vleft) refers to ssd1306.o(i.I2C_Stop) for I2C_Stop
    ssd1306.o(i.scroll_vright) refers to ssd1306.o(i.I2C_Start) for I2C_Start
    ssd1306.o(i.scroll_vright) refers to ssd1306.o(i.CMD) for CMD
    ssd1306.o(i.scroll_vright) refers to ssd1306.o(i.I2C_Stop) for I2C_Stop
    ssd1306.o(i.slide_left) refers to ssd1306.o(i.I2C_Start) for I2C_Start
    ssd1306.o(i.slide_left) refers to ssd1306.o(i.CMD) for CMD
    ssd1306.o(i.slide_left) refers to ssd1306.o(i.I2C_Stop) for I2C_Stop
    ssd1306.o(i.slide_right) refers to ssd1306.o(i.I2C_Start) for I2C_Start
    ssd1306.o(i.slide_right) refers to ssd1306.o(i.CMD) for CMD
    ssd1306.o(i.slide_right) refers to ssd1306.o(i.I2C_Stop) for I2C_Stop
    ssd1306.o(i.start_slide) refers to ssd1306.o(i.I2C_Start) for I2C_Start
    ssd1306.o(i.start_slide) refers to ssd1306.o(i.CMD) for CMD
    ssd1306.o(i.start_slide) refers to ssd1306.o(i.I2C_Stop) for I2C_Stop
    ssd1306.o(i.stop_slide) refers to ssd1306.o(i.I2C_Start) for I2C_Start
    ssd1306.o(i.stop_slide) refers to ssd1306.o(i.CMD) for CMD
    ssd1306.o(i.stop_slide) refers to ssd1306.o(i.I2C_Stop) for I2C_Stop
    startup_stm32f042x6.o(STACK) refers (Special) to heapauxi.o(.text) for __use_two_region_memory
    startup_stm32f042x6.o(HEAP) refers (Special) to heapauxi.o(.text) for __use_two_region_memory
    startup_stm32f042x6.o(RESET) refers (Special) to heapauxi.o(.text) for __use_two_region_memory
    startup_stm32f042x6.o(RESET) refers to startup_stm32f042x6.o(STACK) for __initial_sp
    startup_stm32f042x6.o(RESET) refers to startup_stm32f042x6.o(.text) for Reset_Handler
    startup_stm32f042x6.o(RESET) refers to main.o(i.TIM2_IRQHandler) for TIM2_IRQHandler
    startup_stm32f042x6.o(RESET) refers to main.o(i.TIM17_IRQHandler) for TIM17_IRQHandler
    startup_stm32f042x6.o(.text) refers (Special) to heapauxi.o(.text) for __use_two_region_memory
    startup_stm32f042x6.o(.text) refers to startup_stm32f042x6.o(STACK) for __initial_sp
    startup_stm32f042x6.o(.text) refers to system_stm32f0xx.o(i.SystemInit) for SystemInit
    startup_stm32f042x6.o(.text) refers to __main.o(!!!main) for __main
    startup_stm32f042x6.o(.text) refers to startup_stm32f042x6.o(HEAP) for Heap_Mem
    system_stm32f0xx.o(i.SystemCoreClockUpdate) refers to aeabi_sdiv.o(.text) for __aeabi_uidivmod
    system_stm32f0xx.o(i.SystemCoreClockUpdate) refers to system_stm32f0xx.o(.data) for SystemCoreClock
    system_stm32f0xx.o(i.SystemCoreClockUpdate) refers to system_stm32f0xx.o(.constdata) for AHBPrescTable
    __main.o(!!!main) refers to __rtentry.o(.ARM.Collect$$rtentry$$00000000) for __rt_entry
    drlef.o(x$fpl$drleqf) refers (Special) to usenofp.o(x$fpl$usenofp) for __I$use$fp
    drlef.o(x$fpl$drleqf) refers to dcmpin.o(.text) for __fpl_dcmp_InfNaN
    f2d.o(.text) refers (Special) to usenofp.o(x$fpl$usenofp) for __I$use$fp
    fdiv.o(.text) refers (Special) to usenofp.o(x$fpl$usenofp) for __I$use$fp
    fdiv.o(.text) refers to fdiv.o(.constdata) for .constdata
    fdiv.o(.constdata) refers (Special) to usenofp.o(x$fpl$usenofp) for __I$use$fp
    ffixui.o(.text) refers (Special) to usenofp.o(x$fpl$usenofp) for __I$use$fp
    fflti.o(.text) refers (Special) to usenofp.o(x$fpl$usenofp) for __I$use$fp
    flef.o(x$fpl$fleqf) refers (Special) to usenofp.o(x$fpl$usenofp) for __I$use$fp
    flef.o(x$fpl$fleqf) refers to fcmpin.o(.text) for __fpl_fcmp_InfNaN
    fmul.o(x$fpl$fmul) refers (Special) to usenofp.o(x$fpl$usenofp) for __I$use$fp
    __rtentry.o(.ARM.Collect$$rtentry$$00000000) refers (Special) to __rtentry2.o(.ARM.Collect$$rtentry$$0000000A) for __rt_entry_li
    __rtentry.o(.ARM.Collect$$rtentry$$00000000) refers (Special) to __rtentry2.o(.ARM.Collect$$rtentry$$0000000D) for __rt_entry_main
    __rtentry.o(.ARM.Collect$$rtentry$$00000000) refers (Special) to __rtentry2.o(.ARM.Collect$$rtentry$$0000000C) for __rt_entry_postli_1
    __rtentry.o(.ARM.Collect$$rtentry$$00000000) refers (Special) to __rtentry2.o(.ARM.Collect$$rtentry$$00000009) for __rt_entry_postsh_1
    __rtentry.o(.ARM.Collect$$rtentry$$00000000) refers (Special) to __rtentry2.o(.ARM.Collect$$rtentry$$00000002) for __rt_entry_presh_1
    __rtentry.o(.ARM.Collect$$rtentry$$00000000) refers (Special) to __rtentry4.o(.ARM.Collect$$rtentry$$00000004) for __rt_entry_sh
    aeabi_idiv0_sigfpe.o(.text) refers to rt_div0.o(.text) for __rt_div0
    dcmpin.o(.text) refers (Special) to usenofp.o(x$fpl$usenofp) for __I$use$fp
    dcmpin.o(.text) refers to cmpret.o(.text) for __fpl_cmpreturn
    dcmpin.o(.text) refers to dnan2.o(.text) for __fpl_dcheck_NaN2
    fcmpin.o(.text) refers (Special) to usenofp.o(x$fpl$usenofp) for __I$use$fp
    fcmpin.o(.text) refers to cmpret.o(.text) for __fpl_cmpreturn
    fcmpin.o(.text) refers to fnan2.o(.text) for __fpl_fcheck_NaN2
    __rtentry2.o(.ARM.Collect$$rtentry$$00000008) refers to boardinit2.o(.text) for _platform_post_stackheap_init
    __rtentry2.o(.ARM.Collect$$rtentry$$0000000A) refers to libinit.o(.ARM.Collect$$libinit$$00000000) for __rt_lib_init
    __rtentry2.o(.ARM.Collect$$rtentry$$0000000B) refers to boardinit3.o(.text) for _platform_post_lib_init
    __rtentry2.o(.ARM.Collect$$rtentry$$0000000D) refers to main.o(i.main) for main
    __rtentry2.o(.ARM.Collect$$rtentry$$0000000D) refers to exit.o(.text) for exit
    __rtentry2.o(.ARM.exidx) refers to __rtentry2.o(.ARM.Collect$$rtentry$$00000001) for .ARM.Collect$$rtentry$$00000001
    __rtentry2.o(.ARM.exidx) refers to __rtentry2.o(.ARM.Collect$$rtentry$$00000008) for .ARM.Collect$$rtentry$$00000008
    __rtentry2.o(.ARM.exidx) refers to __rtentry2.o(.ARM.Collect$$rtentry$$0000000A) for .ARM.Collect$$rtentry$$0000000A
    __rtentry2.o(.ARM.exidx) refers to __rtentry2.o(.ARM.Collect$$rtentry$$0000000B) for .ARM.Collect$$rtentry$$0000000B
    __rtentry2.o(.ARM.exidx) refers to __rtentry2.o(.ARM.Collect$$rtentry$$0000000D) for .ARM.Collect$$rtentry$$0000000D
    __rtentry4.o(.ARM.Collect$$rtentry$$00000004) refers to sys_stackheap_outer.o(.text) for __user_setup_stackheap
    __rtentry4.o(.ARM.exidx) refers to __rtentry4.o(.ARM.Collect$$rtentry$$00000004) for .ARM.Collect$$rtentry$$00000004
    rt_div0.o(.text) refers to defsig_fpe_outer.o(.text) for __rt_SIGFPE
    cmpret.o(.text) refers (Special) to usenofp.o(x$fpl$usenofp) for __I$use$fp
    dnan2.o(.text) refers (Special) to usenofp.o(x$fpl$usenofp) for __I$use$fp
    dnan2.o(.text) refers to retnan.o(.text) for __fpl_return_NaN
    fnan2.o(.text) refers (Special) to usenofp.o(x$fpl$usenofp) for __I$use$fp
    fnan2.o(.text) refers to retnan.o(.text) for __fpl_return_NaN
    sys_stackheap_outer.o(.text) refers to libspace.o(.text) for __user_perproc_libspace
    sys_stackheap_outer.o(.text) refers to startup_stm32f042x6.o(.text) for __user_initial_stackheap
    sys_stackheap_outer.o(__vectab_stack_and_reset_area) refers to tempstk.o(.text) for __temporary_stack_top
    sys_stackheap_outer.o(__vectab_stack_and_reset_area) refers to __main.o(!!!main) for __main
    exit.o(.text) refers to rtexit.o(.ARM.Collect$$rtexit$$00000000) for __rt_exit
    defsig_fpe_outer.o(.text) refers to defsig_fpe_inner.o(.text) for __rt_SIGFPE_inner
    defsig_fpe_outer.o(.text) refers to defsig_exit.o(.text) for __sig_exit
    defsig_fpe_formal.o(.text) refers to rt_raise.o(.text) for __rt_raise
    libinit.o(.ARM.Collect$$libinit$$00000000) refers (Special) to libinit2.o(.ARM.Collect$$libinit$$0000002E) for __rt_lib_init_alloca_1
    libinit.o(.ARM.Collect$$libinit$$00000000) refers (Special) to libinit2.o(.ARM.Collect$$libinit$$0000002C) for __rt_lib_init_argv_1
    libinit.o(.ARM.Collect$$libinit$$00000000) refers (Special) to libinit2.o(.ARM.Collect$$libinit$$0000001B) for __rt_lib_init_atexit_1
    libinit.o(.ARM.Collect$$libinit$$00000000) refers (Special) to libinit2.o(.ARM.Collect$$libinit$$00000021) for __rt_lib_init_clock_1
    libinit.o(.ARM.Collect$$libinit$$00000000) refers (Special) to libinit2.o(.ARM.Collect$$libinit$$00000032) for __rt_lib_init_cpp_1
    libinit.o(.ARM.Collect$$libinit$$00000000) refers (Special) to libinit2.o(.ARM.Collect$$libinit$$00000030) for __rt_lib_init_exceptions_1
    libinit.o(.ARM.Collect$$libinit$$00000000) refers (Special) to libinit2.o(.ARM.Collect$$libinit$$00000002) for __rt_lib_init_fp_1
    libinit.o(.ARM.Collect$$libinit$$00000000) refers (Special) to libinit2.o(.ARM.Collect$$libinit$$0000001F) for __rt_lib_init_fp_trap_1
    libinit.o(.ARM.Collect$$libinit$$00000000) refers (Special) to libinit2.o(.ARM.Collect$$libinit$$00000023) for __rt_lib_init_getenv_1
    libinit.o(.ARM.Collect$$libinit$$00000000) refers (Special) to libinit2.o(.ARM.Collect$$libinit$$0000000A) for __rt_lib_init_heap_1
    libinit.o(.ARM.Collect$$libinit$$00000000) refers (Special) to libinit2.o(.ARM.Collect$$libinit$$00000011) for __rt_lib_init_lc_collate_1
    libinit.o(.ARM.Collect$$libinit$$00000000) refers (Special) to libinit2.o(.ARM.Collect$$libinit$$00000013) for __rt_lib_init_lc_ctype_1
    libinit.o(.ARM.Collect$$libinit$$00000000) refers (Special) to libinit2.o(.ARM.Collect$$libinit$$00000015) for __rt_lib_init_lc_monetary_1
    libinit.o(.ARM.Collect$$libinit$$00000000) refers (Special) to libinit2.o(.ARM.Collect$$libinit$$00000017) for __rt_lib_init_lc_numeric_1
    libinit.o(.ARM.Collect$$libinit$$00000000) refers (Special) to libinit2.o(.ARM.Collect$$libinit$$00000019) for __rt_lib_init_lc_time_1
    libinit.o(.ARM.Collect$$libinit$$00000000) refers (Special) to libinit2.o(.ARM.Collect$$libinit$$00000004) for __rt_lib_init_preinit_1
    libinit.o(.ARM.Collect$$libinit$$00000000) refers (Special) to libinit2.o(.ARM.Collect$$libinit$$0000000E) for __rt_lib_init_rand_1
    libinit.o(.ARM.Collect$$libinit$$00000000) refers (Special) to libinit2.o(.ARM.Collect$$libinit$$00000033) for __rt_lib_init_return
    libinit.o(.ARM.Collect$$libinit$$00000000) refers (Special) to libinit2.o(.ARM.Collect$$libinit$$0000001D) for __rt_lib_init_signal_1
    libinit.o(.ARM.Collect$$libinit$$00000000) refers (Special) to libinit2.o(.ARM.Collect$$libinit$$00000025) for __rt_lib_init_stdio_1
    libinit.o(.ARM.Collect$$libinit$$00000000) refers (Special) to libinit2.o(.ARM.Collect$$libinit$$0000000C) for __rt_lib_init_user_alloc_1
    retnan.o(.text) refers (Special) to usenofp.o(x$fpl$usenofp) for __I$use$fp
    retnan.o(.text) refers to cmpret.o(.text) for __fpl_cmpreturn
    libspace.o(.text) refers to libspace.o(.bss) for __libspace_start
    rtexit.o(.ARM.Collect$$rtexit$$00000000) refers (Special) to rtexit2.o(.ARM.Collect$$rtexit$$00000004) for __rt_exit_exit
    rtexit.o(.ARM.Collect$$rtexit$$00000000) refers (Special) to rtexit2.o(.ARM.Collect$$rtexit$$00000003) for __rt_exit_ls
    rtexit.o(.ARM.Collect$$rtexit$$00000000) refers (Special) to rtexit2.o(.ARM.Collect$$rtexit$$00000002) for __rt_exit_prels_1
    rtexit.o(.ARM.exidx) refers (Special) to rtexit2.o(.ARM.Collect$$rtexit$$00000004) for __rt_exit_exit
    rtexit.o(.ARM.exidx) refers (Special) to rtexit2.o(.ARM.Collect$$rtexit$$00000003) for __rt_exit_ls
    rtexit.o(.ARM.exidx) refers (Special) to rtexit2.o(.ARM.Collect$$rtexit$$00000002) for __rt_exit_prels_1
    rtexit.o(.ARM.exidx) refers to rtexit.o(.ARM.Collect$$rtexit$$00000000) for .ARM.Collect$$rtexit$$00000000
    rt_raise.o(.text) refers to __raise.o(.text) for __raise
    rt_raise.o(.text) refers to sys_exit.o(.text) for _sys_exit
    defsig_exit.o(.text) refers to sys_exit.o(.text) for _sys_exit
    defsig_fpe_inner.o(.text) refers to defsig_general.o(.text) for __default_signal_display
    libinit2.o(.ARM.Collect$$libinit$$00000010) refers to libinit2.o(.ARM.Collect$$libinit$$0000000F) for .ARM.Collect$$libinit$$0000000F
    libinit2.o(.ARM.Collect$$libinit$$00000012) refers to libinit2.o(.ARM.Collect$$libinit$$0000000F) for .ARM.Collect$$libinit$$0000000F
    libinit2.o(.ARM.Collect$$libinit$$00000014) refers to libinit2.o(.ARM.Collect$$libinit$$0000000F) for .ARM.Collect$$libinit$$0000000F
    libinit2.o(.ARM.Collect$$libinit$$00000016) refers to libinit2.o(.ARM.Collect$$libinit$$0000000F) for .ARM.Collect$$libinit$$0000000F
    libinit2.o(.ARM.Collect$$libinit$$00000018) refers to libinit2.o(.ARM.Collect$$libinit$$0000000F) for .ARM.Collect$$libinit$$0000000F
    libinit2.o(.ARM.Collect$$libinit$$00000026) refers to argv_veneer.o(.text) for __ARM_argv_veneer
    libinit2.o(.ARM.Collect$$libinit$$00000027) refers to argv_veneer.o(.text) for __ARM_argv_veneer
    sys_exit.o(.text) refers (Special) to use_no_semi.o(.text) for __I$use$semihosting
    sys_exit.o(.text) refers (Special) to indicate_semi.o(.text) for __semihosting_library_function
    rtexit2.o(.ARM.Collect$$rtexit$$00000003) refers to libshutdown.o(.ARM.Collect$$libshutdown$$00000000) for __rt_lib_shutdown
    rtexit2.o(.ARM.Collect$$rtexit$$00000004) refers to sys_exit.o(.text) for _sys_exit
    rtexit2.o(.ARM.exidx) refers to rtexit2.o(.ARM.Collect$$rtexit$$00000001) for .ARM.Collect$$rtexit$$00000001
    rtexit2.o(.ARM.exidx) refers to rtexit2.o(.ARM.Collect$$rtexit$$00000003) for .ARM.Collect$$rtexit$$00000003
    rtexit2.o(.ARM.exidx) refers to rtexit2.o(.ARM.Collect$$rtexit$$00000004) for .ARM.Collect$$rtexit$$00000004
    __raise.o(.text) refers to defsig.o(CL$$defsig) for __default_signal_handler
    defsig_general.o(.text) refers to sys_wrch.o(.text) for _ttywrch
    sys_wrch.o(.text) refers (Special) to use_no_semi.o(.text) for __I$use$semihosting
    sys_wrch.o(.text) refers (Special) to indicate_semi.o(.text) for __semihosting_library_function
    defsig.o(CL$$defsig) refers to defsig_fpe_inner.o(.text) for __rt_SIGFPE_inner
    defsig.o(CL$$defsig) refers to defsig_rtmem_inner.o(.text) for __rt_SIGRTMEM_inner
    _get_argv_nomalloc.o(.text) refers (Special) to hrguard.o(.text) for __heap_region$guard
    _get_argv_nomalloc.o(.text) refers to defsig_rtmem_outer.o(.text) for __rt_SIGRTMEM
    _get_argv_nomalloc.o(.text) refers to sys_command.o(.text) for _sys_command_string
    libshutdown.o(.ARM.Collect$$libshutdown$$00000000) refers (Special) to libshutdown2.o(.ARM.Collect$$libshutdown$$00000002) for __rt_lib_shutdown_cpp_1
    libshutdown.o(.ARM.Collect$$libshutdown$$00000000) refers (Special) to libshutdown2.o(.ARM.Collect$$libshutdown$$00000007) for __rt_lib_shutdown_fp_trap_1
    libshutdown.o(.ARM.Collect$$libshutdown$$00000000) refers (Special) to libshutdown2.o(.ARM.Collect$$libshutdown$$0000000F) for __rt_lib_shutdown_heap_1
    libshutdown.o(.ARM.Collect$$libshutdown$$00000000) refers (Special) to libshutdown2.o(.ARM.Collect$$libshutdown$$00000010) for __rt_lib_shutdown_return
    libshutdown.o(.ARM.Collect$$libshutdown$$00000000) refers (Special) to libshutdown2.o(.ARM.Collect$$libshutdown$$0000000A) for __rt_lib_shutdown_signal_1
    libshutdown.o(.ARM.Collect$$libshutdown$$00000000) refers (Special) to libshutdown2.o(.ARM.Collect$$libshutdown$$00000004) for __rt_lib_shutdown_stdio_1
    libshutdown.o(.ARM.Collect$$libshutdown$$00000000) refers (Special) to libshutdown2.o(.ARM.Collect$$libshutdown$$0000000C) for __rt_lib_shutdown_user_alloc_1
    sys_command.o(.text) refers (Special) to use_no_semi.o(.text) for __I$use$semihosting
    sys_command.o(.text) refers (Special) to indicate_semi.o(.text) for __semihosting_library_function
    defsig_abrt_inner.o(.text) refers to defsig_general.o(.text) for __default_signal_display
    defsig_rtred_inner.o(.text) refers to defsig_general.o(.text) for __default_signal_display
    defsig_rtmem_inner.o(.text) refers to defsig_general.o(.text) for __default_signal_display
    defsig_rtmem_outer.o(.text) refers to defsig_rtmem_inner.o(.text) for __rt_SIGRTMEM_inner
    defsig_rtmem_outer.o(.text) refers to defsig_exit.o(.text) for __sig_exit
    defsig_rtmem_formal.o(.text) refers to rt_raise.o(.text) for __rt_raise
    defsig_stak_inner.o(.text) refers to defsig_general.o(.text) for __default_signal_display
    defsig_pvfn_inner.o(.text) refers to defsig_general.o(.text) for __default_signal_display
    defsig_cppl_inner.o(.text) refers to defsig_general.o(.text) for __default_signal_display
    defsig_segv_inner.o(.text) refers to defsig_general.o(.text) for __default_signal_display
    defsig_other.o(.text) refers to defsig_general.o(.text) for __default_signal_display


==============================================================================

Removing Unused input sections from the image.

    Removing main.o(.rev16_text), (4 bytes).
    Removing main.o(.revsh_text), (4 bytes).
    Removing main.o(.bss), (130 bytes).
    Removing vl53l0x.o(.rev16_text), (4 bytes).
    Removing vl53l0x.o(.revsh_text), (4 bytes).
    Removing vl53l0x.o(i.VL53L0X_getSignalRateLimit), (26 bytes).
    Removing vl53l0x.o(i.VL53L0X_readReg32Bit), (364 bytes).
    Removing vl53l0x.o(i.VL53L0X_setAddress), (24 bytes).
    Removing vl53l0x.o(i.VL53L0X_setVcselPulsePeriod), (544 bytes).
    Removing vl53l0x.o(i.VL53L0X_writeReg32Bit), (220 bytes).
    Removing ssd1306.o(.rev16_text), (4 bytes).
    Removing ssd1306.o(.revsh_text), (4 bytes).
    Removing ssd1306.o(i.Flip_mode), (44 bytes).
    Removing ssd1306.o(i.LCD_ClearStr), (90 bytes).
    Removing ssd1306.o(i.LCD_PrintBin), (94 bytes).
    Removing ssd1306.o(i.LCD_PrintHex), (124 bytes).
    Removing ssd1306.o(i.LCD_mode), (32 bytes).
    Removing ssd1306.o(i.scroll_area), (38 bytes).
    Removing ssd1306.o(i.scroll_vleft), (64 bytes).
    Removing ssd1306.o(i.scroll_vright), (64 bytes).
    Removing ssd1306.o(i.slide_left), (60 bytes).
    Removing ssd1306.o(i.slide_right), (60 bytes).
    Removing ssd1306.o(i.start_slide), (18 bytes).
    Removing ssd1306.o(i.stop_slide), (18 bytes).
    Removing system_stm32f0xx.o(.rev16_text), (4 bytes).
    Removing system_stm32f0xx.o(.revsh_text), (4 bytes).
    Removing system_stm32f0xx.o(i.SystemCoreClockUpdate), (208 bytes).
    Removing system_stm32f0xx.o(.constdata), (24 bytes).
    Removing system_stm32f0xx.o(.data), (4 bytes).

29 unused section(s) (total 2282 bytes) removed from the image.

==============================================================================

Image Symbol Table

    Local Symbols

    Symbol Name                              Value     Ov Type        Size  Object(Section)

    ../clib/angel/boardlib.s                 0x00000000   Number         0  boardinit3.o ABSOLUTE
    ../clib/angel/boardlib.s                 0x00000000   Number         0  boardinit2.o ABSOLUTE
    ../clib/angel/boardlib.s                 0x00000000   Number         0  boardshut.o ABSOLUTE
    ../clib/angel/boardlib.s                 0x00000000   Number         0  boardinit1.o ABSOLUTE
    ../clib/angel/handlers.s                 0x00000000   Number         0  __scatter_zi.o ABSOLUTE
    ../clib/angel/handlers.s                 0x00000000   Number         0  __scatter_copy.o ABSOLUTE
    ../clib/angel/kernel.s                   0x00000000   Number         0  __rtentry.o ABSOLUTE
    ../clib/angel/kernel.s                   0x00000000   Number         0  __rtentry2.o ABSOLUTE
    ../clib/angel/kernel.s                   0x00000000   Number         0  rtexit.o ABSOLUTE
    ../clib/angel/kernel.s                   0x00000000   Number         0  __rtentry4.o ABSOLUTE
    ../clib/angel/kernel.s                   0x00000000   Number         0  rtexit2.o ABSOLUTE
    ../clib/angel/rt.s                       0x00000000   Number         0  aeabi_idiv0_sigfpe.o ABSOLUTE
    ../clib/angel/rt.s                       0x00000000   Number         0  aeabi_idiv0.o ABSOLUTE
    ../clib/angel/rt.s                       0x00000000   Number         0  rt_raise.o ABSOLUTE
    ../clib/angel/rt.s                       0x00000000   Number         0  rt_div0.o ABSOLUTE
    ../clib/angel/scatterp.s                 0x00000000   Number         0  __scatter.o ABSOLUTE
    ../clib/angel/startup.s                  0x00000000   Number         0  __main.o ABSOLUTE
    ../clib/angel/sys.s                      0x00000000   Number         0  indicate_semi.o ABSOLUTE
    ../clib/angel/sys.s                      0x00000000   Number         0  libspace.o ABSOLUTE
    ../clib/angel/sys.s                      0x00000000   Number         0  sys_stackheap_outer.o ABSOLUTE
    ../clib/angel/sys.s                      0x00000000   Number         0  tempstk.o ABSOLUTE
    ../clib/angel/sys.s                      0x00000000   Number         0  use_no_semi.o ABSOLUTE
    ../clib/angel/sysapp.c                   0x00000000   Number         0  sys_command.o ABSOLUTE
    ../clib/angel/sysapp.c                   0x00000000   Number         0  sys_wrch.o ABSOLUTE
    ../clib/angel/sysapp.c                   0x00000000   Number         0  sys_exit.o ABSOLUTE
    ../clib/armsys.c                         0x00000000   Number         0  no_argv.o ABSOLUTE
    ../clib/armsys.c                         0x00000000   Number         0  _get_argv_nomalloc.o ABSOLUTE
    ../clib/armsys.c                         0x00000000   Number         0  argv_veneer.o ABSOLUTE
    ../clib/division.s                       0x00000000   Number         0  aeabi_sdiv.o ABSOLUTE
    ../clib/division.s                       0x00000000   Number         0  aeabi_sdiv_div0.o ABSOLUTE
    ../clib/heapalloc.c                      0x00000000   Number         0  hrguard.o ABSOLUTE
    ../clib/heapaux.c                        0x00000000   Number         0  heapauxi.o ABSOLUTE
    ../clib/libinit.s                        0x00000000   Number         0  libinit.o ABSOLUTE
    ../clib/libinit.s                        0x00000000   Number         0  libinit2.o ABSOLUTE
    ../clib/libinit.s                        0x00000000   Number         0  libshutdown.o ABSOLUTE
    ../clib/libinit.s                        0x00000000   Number         0  libshutdown2.o ABSOLUTE
    ../clib/signal.c                         0x00000000   Number         0  defsig_rtmem_inner.o ABSOLUTE
    ../clib/signal.c                         0x00000000   Number         0  defsig_rtred_inner.o ABSOLUTE
    ../clib/signal.c                         0x00000000   Number         0  defsig_abrt_inner.o ABSOLUTE
    ../clib/signal.c                         0x00000000   Number         0  defsig_pvfn_inner.o ABSOLUTE
    ../clib/signal.c                         0x00000000   Number         0  defsig_segv_inner.o ABSOLUTE
    ../clib/signal.c                         0x00000000   Number         0  __raise.o ABSOLUTE
    ../clib/signal.c                         0x00000000   Number         0  defsig_rtmem_formal.o ABSOLUTE
    ../clib/signal.c                         0x00000000   Number         0  defsig_stak_inner.o ABSOLUTE
    ../clib/signal.c                         0x00000000   Number         0  defsig_fpe_formal.o ABSOLUTE
    ../clib/signal.c                         0x00000000   Number         0  defsig_rtmem_outer.o ABSOLUTE
    ../clib/signal.c                         0x00000000   Number         0  defsig_cppl_inner.o ABSOLUTE
    ../clib/signal.c                         0x00000000   Number         0  defsig_other.o ABSOLUTE
    ../clib/signal.c                         0x00000000   Number         0  defsig_general.o ABSOLUTE
    ../clib/signal.c                         0x00000000   Number         0  defsig_fpe_inner.o ABSOLUTE
    ../clib/signal.c                         0x00000000   Number         0  defsig_exit.o ABSOLUTE
    ../clib/signal.c                         0x00000000   Number         0  defsig_fpe_outer.o ABSOLUTE
    ../clib/signal.s                         0x00000000   Number         0  defsig.o ABSOLUTE
    ../clib/stdlib.c                         0x00000000   Number         0  exit.o ABSOLUTE
    ../fplib/cfplib/cmpret.c                 0x00000000   Number         0  cmpret.o ABSOLUTE
    ../fplib/cfplib/dcmpin.c                 0x00000000   Number         0  dcmpin.o ABSOLUTE
    ../fplib/cfplib/f2d.c                    0x00000000   Number         0  f2d.o ABSOLUTE
    ../fplib/cfplib/fcmpin.c                 0x00000000   Number         0  fcmpin.o ABSOLUTE
    ../fplib/cfplib/fdiv.c                   0x00000000   Number         0  fdiv.o ABSOLUTE
    ../fplib/cfplib/ffix.c                   0x00000000   Number         0  ffixui.o ABSOLUTE
    ../fplib/cfplib/fflt.c                   0x00000000   Number         0  fflti.o ABSOLUTE
    ../fplib/cfplib/fpinit.c                 0x00000000   Number         0  fpinit.o ABSOLUTE
    ../fplib/cfplib/nan2.c                   0x00000000   Number         0  dnan2.o ABSOLUTE
    ../fplib/cfplib/nan2.c                   0x00000000   Number         0  fnan2.o ABSOLUTE
    ../fplib/cfplib/retnan.c                 0x00000000   Number         0  retnan.o ABSOLUTE
    ../fplib/drleqf6m.s                      0x00000000   Number         0  drlef.o ABSOLUTE
    ../fplib/fleqf6m.s                       0x00000000   Number         0  flef.o ABSOLUTE
    ../fplib/fmul6m.s                        0x00000000   Number         0  fmul.o ABSOLUTE
    ../fplib/usenofp.s                       0x00000000   Number         0  usenofp.o ABSOLUTE
    RTE\Device\STM32F042G4Ux\startup_stm32f042x6.s 0x00000000   Number         0  startup_stm32f042x6.o ABSOLUTE
    RTE\Device\STM32F042G4Ux\system_stm32f0xx.c 0x00000000   Number         0  system_stm32f0xx.o ABSOLUTE
    RTE\\Device\\STM32F042G4Ux\\system_stm32f0xx.c 0x00000000   Number         0  system_stm32f0xx.o ABSOLUTE
    SSD1306.c                                0x00000000   Number         0  ssd1306.o ABSOLUTE
    SSD1306.c                                0x00000000   Number         0  ssd1306.o ABSOLUTE
    VL53L0X.c                                0x00000000   Number         0  vl53l0x.o ABSOLUTE
    VL53L0X.c                                0x00000000   Number         0  vl53l0x.o ABSOLUTE
    dc.s                                     0x00000000   Number         0  dc.o ABSOLUTE
    main.c                                   0x00000000   Number         0  main.o ABSOLUTE
    main.c                                   0x00000000   Number         0  main.o ABSOLUTE
    RESET                                    0x08000000   Section      192  startup_stm32f042x6.o(RESET)
    !!!main                                  0x080000c0   Section        8  __main.o(!!!main)
    !!!scatter                               0x080000c8   Section       60  __scatter.o(!!!scatter)
    !!handler_copy                           0x08000104   Section       26  __scatter_copy.o(!!handler_copy)
    !!handler_zi                             0x08000120   Section       28  __scatter_zi.o(!!handler_zi)
    .ARM.Collect$$libinit$$00000000          0x0800013c   Section        2  libinit.o(.ARM.Collect$$libinit$$00000000)
    .ARM.Collect$$libinit$$00000002          0x0800013e   Section        0  libinit2.o(.ARM.Collect$$libinit$$00000002)
    .ARM.Collect$$libinit$$00000004          0x0800013e   Section        0  libinit2.o(.ARM.Collect$$libinit$$00000004)
    .ARM.Collect$$libinit$$0000000A          0x0800013e   Section        0  libinit2.o(.ARM.Collect$$libinit$$0000000A)
    .ARM.Collect$$libinit$$0000000C          0x0800013e   Section        0  libinit2.o(.ARM.Collect$$libinit$$0000000C)
    .ARM.Collect$$libinit$$0000000E          0x0800013e   Section        0  libinit2.o(.ARM.Collect$$libinit$$0000000E)
    .ARM.Collect$$libinit$$00000011          0x0800013e   Section        0  libinit2.o(.ARM.Collect$$libinit$$00000011)
    .ARM.Collect$$libinit$$00000013          0x0800013e   Section        0  libinit2.o(.ARM.Collect$$libinit$$00000013)
    .ARM.Collect$$libinit$$00000015          0x0800013e   Section        0  libinit2.o(.ARM.Collect$$libinit$$00000015)
    .ARM.Collect$$libinit$$00000017          0x0800013e   Section        0  libinit2.o(.ARM.Collect$$libinit$$00000017)
    .ARM.Collect$$libinit$$00000019          0x0800013e   Section        0  libinit2.o(.ARM.Collect$$libinit$$00000019)
    .ARM.Collect$$libinit$$0000001B          0x0800013e   Section        0  libinit2.o(.ARM.Collect$$libinit$$0000001B)
    .ARM.Collect$$libinit$$0000001D          0x0800013e   Section        0  libinit2.o(.ARM.Collect$$libinit$$0000001D)
    .ARM.Collect$$libinit$$0000001F          0x0800013e   Section        0  libinit2.o(.ARM.Collect$$libinit$$0000001F)
    .ARM.Collect$$libinit$$00000021          0x0800013e   Section        0  libinit2.o(.ARM.Collect$$libinit$$00000021)
    .ARM.Collect$$libinit$$00000023          0x0800013e   Section        0  libinit2.o(.ARM.Collect$$libinit$$00000023)
    .ARM.Collect$$libinit$$00000025          0x0800013e   Section        0  libinit2.o(.ARM.Collect$$libinit$$00000025)
    .ARM.Collect$$libinit$$0000002C          0x0800013e   Section        0  libinit2.o(.ARM.Collect$$libinit$$0000002C)
    .ARM.Collect$$libinit$$0000002E          0x0800013e   Section        0  libinit2.o(.ARM.Collect$$libinit$$0000002E)
    .ARM.Collect$$libinit$$00000030          0x0800013e   Section        0  libinit2.o(.ARM.Collect$$libinit$$00000030)
    .ARM.Collect$$libinit$$00000032          0x0800013e   Section        0  libinit2.o(.ARM.Collect$$libinit$$00000032)
    .ARM.Collect$$libinit$$00000033          0x0800013e   Section        2  libinit2.o(.ARM.Collect$$libinit$$00000033)
    .ARM.Collect$$libshutdown$$00000000      0x08000140   Section        2  libshutdown.o(.ARM.Collect$$libshutdown$$00000000)
    .ARM.Collect$$libshutdown$$00000002      0x08000142   Section        0  libshutdown2.o(.ARM.Collect$$libshutdown$$00000002)
    .ARM.Collect$$libshutdown$$00000004      0x08000142   Section        0  libshutdown2.o(.ARM.Collect$$libshutdown$$00000004)
    .ARM.Collect$$libshutdown$$00000007      0x08000142   Section        0  libshutdown2.o(.ARM.Collect$$libshutdown$$00000007)
    .ARM.Collect$$libshutdown$$0000000A      0x08000142   Section        0  libshutdown2.o(.ARM.Collect$$libshutdown$$0000000A)
    .ARM.Collect$$libshutdown$$0000000C      0x08000142   Section        0  libshutdown2.o(.ARM.Collect$$libshutdown$$0000000C)
    .ARM.Collect$$libshutdown$$0000000F      0x08000142   Section        0  libshutdown2.o(.ARM.Collect$$libshutdown$$0000000F)
    .ARM.Collect$$libshutdown$$00000010      0x08000142   Section        2  libshutdown2.o(.ARM.Collect$$libshutdown$$00000010)
    .ARM.Collect$$rtentry$$00000000          0x08000144   Section        0  __rtentry.o(.ARM.Collect$$rtentry$$00000000)
    .ARM.Collect$$rtentry$$00000002          0x08000144   Section        0  __rtentry2.o(.ARM.Collect$$rtentry$$00000002)
    .ARM.Collect$$rtentry$$00000004          0x08000144   Section        6  __rtentry4.o(.ARM.Collect$$rtentry$$00000004)
    .ARM.Collect$$rtentry$$00000009          0x0800014a   Section        0  __rtentry2.o(.ARM.Collect$$rtentry$$00000009)
    .ARM.Collect$$rtentry$$0000000A          0x0800014a   Section        4  __rtentry2.o(.ARM.Collect$$rtentry$$0000000A)
    .ARM.Collect$$rtentry$$0000000C          0x0800014e   Section        0  __rtentry2.o(.ARM.Collect$$rtentry$$0000000C)
    .ARM.Collect$$rtentry$$0000000D          0x0800014e   Section        8  __rtentry2.o(.ARM.Collect$$rtentry$$0000000D)
    .ARM.Collect$$rtexit$$00000000           0x08000156   Section        2  rtexit.o(.ARM.Collect$$rtexit$$00000000)
    .ARM.Collect$$rtexit$$00000002           0x08000158   Section        0  rtexit2.o(.ARM.Collect$$rtexit$$00000002)
    .ARM.Collect$$rtexit$$00000003           0x08000158   Section        4  rtexit2.o(.ARM.Collect$$rtexit$$00000003)
    .ARM.Collect$$rtexit$$00000004           0x0800015c   Section        6  rtexit2.o(.ARM.Collect$$rtexit$$00000004)
    .text                                    0x08000164   Section      116  startup_stm32f042x6.o(.text)
    .text                                    0x080001d8   Section      346  aeabi_sdiv.o(.text)
    .text                                    0x08000332   Section        0  heapauxi.o(.text)
    .text                                    0x08000338   Section        0  f2d.o(.text)
    .text                                    0x0800038c   Section        0  ffixui.o(.text)
    .text                                    0x080003bc   Section        0  dcmpin.o(.text)
    .text                                    0x0800044c   Section        0  fcmpin.o(.text)
    .text                                    0x080004b0   Section        0  cmpret.o(.text)
    .text                                    0x080004e0   Section        0  dnan2.o(.text)
    .text                                    0x080004f4   Section        0  fnan2.o(.text)
    .text                                    0x08000504   Section       62  sys_stackheap_outer.o(.text)
    .text                                    0x08000542   Section        0  exit.o(.text)
    .text                                    0x08000552   Section        0  retnan.o(.text)
    .text                                    0x080005b0   Section        8  libspace.o(.text)
    .text                                    0x080005b8   Section        0  sys_exit.o(.text)
    .text                                    0x080005c4   Section        2  use_no_semi.o(.text)
    .text                                    0x080005c6   Section        0  indicate_semi.o(.text)
    i.CMD                                    0x080005c6   Section        0  ssd1306.o(i.CMD)
    i.I2C_Start                              0x080005d8   Section        0  ssd1306.o(i.I2C_Start)
    i.I2C_Stop                               0x0800061c   Section        0  ssd1306.o(i.I2C_Stop)
    i.I2C_write                              0x08000658   Section        0  ssd1306.o(i.I2C_write)
    i.LCD_Char                               0x08000680   Section        0  ssd1306.o(i.LCD_Char)
    i.LCD_Clear                              0x080006e0   Section        0  ssd1306.o(i.LCD_Clear)
    i.LCD_Gotoxy                             0x0800071c   Section        0  ssd1306.o(i.LCD_Gotoxy)
    i.LCD_Init                               0x08000758   Section        0  ssd1306.o(i.LCD_Init)
    i.LCD_PrintDec                           0x08000784   Section        0  ssd1306.o(i.LCD_PrintDec)
    i.LCD_PrintStr                           0x080007de   Section        0  ssd1306.o(i.LCD_PrintStr)
    i.SystemInit                             0x080007f8   Section        0  system_stm32f0xx.o(i.SystemInit)
    i.TIM17_IRQHandler                       0x0800086c   Section        0  main.o(i.TIM17_IRQHandler)
    i.TIM2_IRQHandler                        0x08000890   Section        0  main.o(i.TIM2_IRQHandler)
    i.TimingDelayDec                         0x08000898   Section        0  main.o(i.TimingDelayDec)
    i.VL53L0X_decodeTimeout                  0x080008ec   Section        0  vl53l0x.o(i.VL53L0X_decodeTimeout)
    VL53L0X_decodeTimeout                    0x080008ed   Thumb Code    20  vl53l0x.o(i.VL53L0X_decodeTimeout)
    i.VL53L0X_encodeTimeout                  0x08000900   Section        0  vl53l0x.o(i.VL53L0X_encodeTimeout)
    VL53L0X_encodeTimeout                    0x08000901   Thumb Code    42  vl53l0x.o(i.VL53L0X_encodeTimeout)
    i.VL53L0X_getMeasurementTimingBudget     0x0800092c   Section        0  vl53l0x.o(i.VL53L0X_getMeasurementTimingBudget)
    i.VL53L0X_getSequenceStepEnables         0x080009d4   Section        0  vl53l0x.o(i.VL53L0X_getSequenceStepEnables)
    i.VL53L0X_getSequenceStepTimeouts        0x080009fe   Section        0  vl53l0x.o(i.VL53L0X_getSequenceStepTimeouts)
    i.VL53L0X_getSpadInfo                    0x08000a68   Section        0  vl53l0x.o(i.VL53L0X_getSpadInfo)
    i.VL53L0X_getVcselPulsePeriod            0x08000b40   Section        0  vl53l0x.o(i.VL53L0X_getVcselPulsePeriod)
    i.VL53L0X_init                           0x08000b68   Section        0  vl53l0x.o(i.VL53L0X_init)
    i.VL53L0X_performSingleRefCalibration    0x08000fb0   Section        0  vl53l0x.o(i.VL53L0X_performSingleRefCalibration)
    i.VL53L0X_readMulti                      0x08000ff0   Section        0  vl53l0x.o(i.VL53L0X_readMulti)
    i.VL53L0X_readRangeContinuousMillimeters 0x08001158   Section        0  vl53l0x.o(i.VL53L0X_readRangeContinuousMillimeters)
    i.VL53L0X_readRangeSingleMillimeters     0x08001188   Section        0  vl53l0x.o(i.VL53L0X_readRangeSingleMillimeters)
    i.VL53L0X_readReg                        0x080011ec   Section        0  vl53l0x.o(i.VL53L0X_readReg)
    i.VL53L0X_readReg16Bit                   0x08001348   Section        0  vl53l0x.o(i.VL53L0X_readReg16Bit)
    i.VL53L0X_setMeasurementTimingBudget     0x080014b8   Section        0  vl53l0x.o(i.VL53L0X_setMeasurementTimingBudget)
    i.VL53L0X_setSignalRateLimit             0x080015b0   Section        0  vl53l0x.o(i.VL53L0X_setSignalRateLimit)
    i.VL53L0X_timeoutMclksToMicroseconds     0x080015fc   Section        0  vl53l0x.o(i.VL53L0X_timeoutMclksToMicroseconds)
    VL53L0X_timeoutMclksToMicroseconds       0x080015fd   Thumb Code    52  vl53l0x.o(i.VL53L0X_timeoutMclksToMicroseconds)
    i.VL53L0X_timeoutMicrosecondsToMclks     0x08001634   Section        0  vl53l0x.o(i.VL53L0X_timeoutMicrosecondsToMclks)
    VL53L0X_timeoutMicrosecondsToMclks       0x08001635   Thumb Code    52  vl53l0x.o(i.VL53L0X_timeoutMicrosecondsToMclks)
    i.VL53L0X_writeMulti                     0x0800166c   Section        0  vl53l0x.o(i.VL53L0X_writeMulti)
    i.VL53L0X_writeReg                       0x08001744   Section        0  vl53l0x.o(i.VL53L0X_writeReg)
    i.VL53L0X_writeReg16Bit                  0x0800180c   Section        0  vl53l0x.o(i.VL53L0X_writeReg16Bit)
    i.__NVIC_SetPriority                     0x080018e8   Section        0  main.o(i.__NVIC_SetPriority)
    __NVIC_SetPriority                       0x080018e9   Thumb Code   110  main.o(i.__NVIC_SetPriority)
    i.delay_ms                               0x08001960   Section        0  main.o(i.delay_ms)
    i.init_VL53L0X                           0x08001974   Section        0  vl53l0x.o(i.init_VL53L0X)
    i.initial                                0x080019b0   Section        0  main.o(i.initial)
    i.main                                   0x08001b18   Section        0  main.o(i.main)
    x$fpl$drleqf                             0x08001bc8   Section      104  drlef.o(x$fpl$drleqf)
    x$fpl$fleqf                              0x08001c30   Section       84  flef.o(x$fpl$fleqf)
    x$fpl$fmul                               0x08001c84   Section      176  fmul.o(x$fpl$fmul)
    .constdata                               0x08001d34   Section     1138  ssd1306.o(.constdata)
    x$fpl$usenofp                            0x08001d34   Section        0  usenofp.o(x$fpl$usenofp)
    .data                                    0x20000000   Section       14  main.o(.data)
    .data                                    0x2000000e   Section        1  vl53l0x.o(.data)
    .bss                                     0x20000010   Section       20  vl53l0x.o(.bss)
    .bss                                     0x20000024   Section       96  libspace.o(.bss)
    HEAP                                     0x20000088   Section      512  startup_stm32f042x6.o(HEAP)
    Heap_Mem                                 0x20000088   Data         512  startup_stm32f042x6.o(HEAP)
    STACK                                    0x20000288   Section     1024  startup_stm32f042x6.o(STACK)
    Stack_Mem                                0x20000288   Data        1024  startup_stm32f042x6.o(STACK)
    __initial_sp                             0x20000688   Data           0  startup_stm32f042x6.o(STACK)

    Global Symbols

    Symbol Name                              Value     Ov Type        Size  Object(Section)

    BuildAttributes$$THM_ISAv3M$S$PE$A:L22$X:L11$S22$IEEE1$IW$USESV6$~STKCKD$USESV7$~SHL$OSPACE$ROPI$EBA8$UX$STANDARDLIB$REQ8$PRES8$EABIv2 0x00000000   Number         0  anon$$obj.o ABSOLUTE
    __ARM_use_no_argv                        0x00000000   Number         0  main.o ABSOLUTE
    __ARM_exceptions_init                     - Undefined Weak Reference
    __alloca_initialize                       - Undefined Weak Reference
    __arm_preinit_                            - Undefined Weak Reference
    __cpp_initialize__aeabi_                  - Undefined Weak Reference
    __cxa_finalize                            - Undefined Weak Reference
    __rt_locale                               - Undefined Weak Reference
    __sigvec_lookup                           - Undefined Weak Reference
    _atexit_init                              - Undefined Weak Reference
    _call_atexit_fns                          - Undefined Weak Reference
    _clock_init                               - Undefined Weak Reference
    _fp_trap_init                             - Undefined Weak Reference
    _fp_trap_shutdown                         - Undefined Weak Reference
    _get_lc_collate                           - Undefined Weak Reference
    _get_lc_ctype                             - Undefined Weak Reference
    _get_lc_monetary                          - Undefined Weak Reference
    _get_lc_numeric                           - Undefined Weak Reference
    _get_lc_time                              - Undefined Weak Reference
    _getenv_init                              - Undefined Weak Reference
    _handle_redirection                       - Undefined Weak Reference
    _init_alloc                               - Undefined Weak Reference
    _init_user_alloc                          - Undefined Weak Reference
    _initio                                   - Undefined Weak Reference
    _rand_init                                - Undefined Weak Reference
    _signal_finish                            - Undefined Weak Reference
    _signal_init                              - Undefined Weak Reference
    _terminate_alloc                          - Undefined Weak Reference
    _terminate_user_alloc                     - Undefined Weak Reference
    _terminateio                              - Undefined Weak Reference
    __Vectors_Size                           0x000000c0   Number         0  startup_stm32f042x6.o ABSOLUTE
    __Vectors                                0x08000000   Data           4  startup_stm32f042x6.o(RESET)
    __Vectors_End                            0x080000c0   Data           0  startup_stm32f042x6.o(RESET)
    __main                                   0x080000c1   Thumb Code     8  __main.o(!!!main)
    __scatterload                            0x080000c9   Thumb Code     0  __scatter.o(!!!scatter)
    __scatterload_rt2                        0x080000c9   Thumb Code    52  __scatter.o(!!!scatter)
    __scatterload_rt2_thumb_only             0x080000c9   Thumb Code     0  __scatter.o(!!!scatter)
    __scatterload_null                       0x080000d9   Thumb Code     0  __scatter.o(!!!scatter)
    __scatterload_copy                       0x08000105   Thumb Code    26  __scatter_copy.o(!!handler_copy)
    __scatterload_zeroinit                   0x08000121   Thumb Code    28  __scatter_zi.o(!!handler_zi)
    __rt_lib_init                            0x0800013d   Thumb Code     0  libinit.o(.ARM.Collect$$libinit$$00000000)
    __rt_lib_init_alloca_1                   0x0800013f   Thumb Code     0  libinit2.o(.ARM.Collect$$libinit$$0000002E)
    __rt_lib_init_argv_1                     0x0800013f   Thumb Code     0  libinit2.o(.ARM.Collect$$libinit$$0000002C)
    __rt_lib_init_atexit_1                   0x0800013f   Thumb Code     0  libinit2.o(.ARM.Collect$$libinit$$0000001B)
    __rt_lib_init_clock_1                    0x0800013f   Thumb Code     0  libinit2.o(.ARM.Collect$$libinit$$00000021)
    __rt_lib_init_cpp_1                      0x0800013f   Thumb Code     0  libinit2.o(.ARM.Collect$$libinit$$00000032)
    __rt_lib_init_exceptions_1               0x0800013f   Thumb Code     0  libinit2.o(.ARM.Collect$$libinit$$00000030)
    __rt_lib_init_fp_1                       0x0800013f   Thumb Code     0  libinit2.o(.ARM.Collect$$libinit$$00000002)
    __rt_lib_init_fp_trap_1                  0x0800013f   Thumb Code     0  libinit2.o(.ARM.Collect$$libinit$$0000001F)
    __rt_lib_init_getenv_1                   0x0800013f   Thumb Code     0  libinit2.o(.ARM.Collect$$libinit$$00000023)
    __rt_lib_init_heap_1                     0x0800013f   Thumb Code     0  libinit2.o(.ARM.Collect$$libinit$$0000000A)
    __rt_lib_init_lc_collate_1               0x0800013f   Thumb Code     0  libinit2.o(.ARM.Collect$$libinit$$00000011)
    __rt_lib_init_lc_ctype_1                 0x0800013f   Thumb Code     0  libinit2.o(.ARM.Collect$$libinit$$00000013)
    __rt_lib_init_lc_monetary_1              0x0800013f   Thumb Code     0  libinit2.o(.ARM.Collect$$libinit$$00000015)
    __rt_lib_init_lc_numeric_1               0x0800013f   Thumb Code     0  libinit2.o(.ARM.Collect$$libinit$$00000017)
    __rt_lib_init_lc_time_1                  0x0800013f   Thumb Code     0  libinit2.o(.ARM.Collect$$libinit$$00000019)
    __rt_lib_init_preinit_1                  0x0800013f   Thumb Code     0  libinit2.o(.ARM.Collect$$libinit$$00000004)
    __rt_lib_init_rand_1                     0x0800013f   Thumb Code     0  libinit2.o(.ARM.Collect$$libinit$$0000000E)
    __rt_lib_init_return                     0x0800013f   Thumb Code     0  libinit2.o(.ARM.Collect$$libinit$$00000033)
    __rt_lib_init_signal_1                   0x0800013f   Thumb Code     0  libinit2.o(.ARM.Collect$$libinit$$0000001D)
    __rt_lib_init_stdio_1                    0x0800013f   Thumb Code     0  libinit2.o(.ARM.Collect$$libinit$$00000025)
    __rt_lib_init_user_alloc_1               0x0800013f   Thumb Code     0  libinit2.o(.ARM.Collect$$libinit$$0000000C)
    __rt_lib_shutdown                        0x08000141   Thumb Code     0  libshutdown.o(.ARM.Collect$$libshutdown$$00000000)
    __rt_lib_shutdown_cpp_1                  0x08000143   Thumb Code     0  libshutdown2.o(.ARM.Collect$$libshutdown$$00000002)
    __rt_lib_shutdown_fp_trap_1              0x08000143   Thumb Code     0  libshutdown2.o(.ARM.Collect$$libshutdown$$00000007)
    __rt_lib_shutdown_heap_1                 0x08000143   Thumb Code     0  libshutdown2.o(.ARM.Collect$$libshutdown$$0000000F)
    __rt_lib_shutdown_return                 0x08000143   Thumb Code     0  libshutdown2.o(.ARM.Collect$$libshutdown$$00000010)
    __rt_lib_shutdown_signal_1               0x08000143   Thumb Code     0  libshutdown2.o(.ARM.Collect$$libshutdown$$0000000A)
    __rt_lib_shutdown_stdio_1                0x08000143   Thumb Code     0  libshutdown2.o(.ARM.Collect$$libshutdown$$00000004)
    __rt_lib_shutdown_user_alloc_1           0x08000143   Thumb Code     0  libshutdown2.o(.ARM.Collect$$libshutdown$$0000000C)
    __rt_entry                               0x08000145   Thumb Code     0  __rtentry.o(.ARM.Collect$$rtentry$$00000000)
    __rt_entry_presh_1                       0x08000145   Thumb Code     0  __rtentry2.o(.ARM.Collect$$rtentry$$00000002)
    __rt_entry_sh                            0x08000145   Thumb Code     0  __rtentry4.o(.ARM.Collect$$rtentry$$00000004)
    __rt_entry_li                            0x0800014b   Thumb Code     0  __rtentry2.o(.ARM.Collect$$rtentry$$0000000A)
    __rt_entry_postsh_1                      0x0800014b   Thumb Code     0  __rtentry2.o(.ARM.Collect$$rtentry$$00000009)
    __rt_entry_main                          0x0800014f   Thumb Code     0  __rtentry2.o(.ARM.Collect$$rtentry$$0000000D)
    __rt_entry_postli_1                      0x0800014f   Thumb Code     0  __rtentry2.o(.ARM.Collect$$rtentry$$0000000C)
    __rt_exit                                0x08000157   Thumb Code     0  rtexit.o(.ARM.Collect$$rtexit$$00000000)
    __rt_exit_ls                             0x08000159   Thumb Code     0  rtexit2.o(.ARM.Collect$$rtexit$$00000003)
    __rt_exit_prels_1                        0x08000159   Thumb Code     0  rtexit2.o(.ARM.Collect$$rtexit$$00000002)
    __rt_exit_exit                           0x0800015d   Thumb Code     0  rtexit2.o(.ARM.Collect$$rtexit$$00000004)
    Reset_Handler                            0x08000165   Thumb Code    38  startup_stm32f042x6.o(.text)
    NMI_Handler                              0x0800018b   Thumb Code     2  startup_stm32f042x6.o(.text)
    HardFault_Handler                        0x0800018d   Thumb Code     2  startup_stm32f042x6.o(.text)
    SVC_Handler                              0x0800018f   Thumb Code     2  startup_stm32f042x6.o(.text)
    PendSV_Handler                           0x08000191   Thumb Code     2  startup_stm32f042x6.o(.text)
    SysTick_Handler                          0x08000193   Thumb Code     2  startup_stm32f042x6.o(.text)
    ADC1_IRQHandler                          0x08000195   Thumb Code     0  startup_stm32f042x6.o(.text)
    CEC_CAN_IRQHandler                       0x08000195   Thumb Code     0  startup_stm32f042x6.o(.text)
    DMA1_Channel1_IRQHandler                 0x08000195   Thumb Code     0  startup_stm32f042x6.o(.text)
    DMA1_Channel2_3_IRQHandler               0x08000195   Thumb Code     0  startup_stm32f042x6.o(.text)
    DMA1_Channel4_5_IRQHandler               0x08000195   Thumb Code     0  startup_stm32f042x6.o(.text)
    EXTI0_1_IRQHandler                       0x08000195   Thumb Code     0  startup_stm32f042x6.o(.text)
    EXTI2_3_IRQHandler                       0x08000195   Thumb Code     0  startup_stm32f042x6.o(.text)
    EXTI4_15_IRQHandler                      0x08000195   Thumb Code     0  startup_stm32f042x6.o(.text)
    FLASH_IRQHandler                         0x08000195   Thumb Code     0  startup_stm32f042x6.o(.text)
    I2C1_IRQHandler                          0x08000195   Thumb Code     0  startup_stm32f042x6.o(.text)
    PVD_VDDIO2_IRQHandler                    0x08000195   Thumb Code     0  startup_stm32f042x6.o(.text)
    RCC_CRS_IRQHandler                       0x08000195   Thumb Code     0  startup_stm32f042x6.o(.text)
    RTC_IRQHandler                           0x08000195   Thumb Code     0  startup_stm32f042x6.o(.text)
    SPI1_IRQHandler                          0x08000195   Thumb Code     0  startup_stm32f042x6.o(.text)
    SPI2_IRQHandler                          0x08000195   Thumb Code     0  startup_stm32f042x6.o(.text)
    TIM14_IRQHandler                         0x08000195   Thumb Code     0  startup_stm32f042x6.o(.text)
    TIM16_IRQHandler                         0x08000195   Thumb Code     0  startup_stm32f042x6.o(.text)
    TIM1_BRK_UP_TRG_COM_IRQHandler           0x08000195   Thumb Code     0  startup_stm32f042x6.o(.text)
    TIM1_CC_IRQHandler                       0x08000195   Thumb Code     0  startup_stm32f042x6.o(.text)
    TIM3_IRQHandler                          0x08000195   Thumb Code     0  startup_stm32f042x6.o(.text)
    TSC_IRQHandler                           0x08000195   Thumb Code     0  startup_stm32f042x6.o(.text)
    USART1_IRQHandler                        0x08000195   Thumb Code     0  startup_stm32f042x6.o(.text)
    USART2_IRQHandler                        0x08000195   Thumb Code     0  startup_stm32f042x6.o(.text)
    USB_IRQHandler                           0x08000195   Thumb Code     0  startup_stm32f042x6.o(.text)
    WWDG_IRQHandler                          0x08000195   Thumb Code     0  startup_stm32f042x6.o(.text)
    __user_initial_stackheap                 0x08000199   Thumb Code     0  startup_stm32f042x6.o(.text)
    __aeabi_uidiv                            0x080001d9   Thumb Code     0  aeabi_sdiv.o(.text)
    __aeabi_uidivmod                         0x080001d9   Thumb Code    20  aeabi_sdiv.o(.text)
    __aeabi_idiv                             0x080001ed   Thumb Code     0  aeabi_sdiv.o(.text)
    __aeabi_idivmod                          0x080001ed   Thumb Code   326  aeabi_sdiv.o(.text)
    __use_two_region_memory                  0x08000333   Thumb Code     2  heapauxi.o(.text)
    __rt_heap_escrow$2region                 0x08000335   Thumb Code     2  heapauxi.o(.text)
    __rt_heap_expand$2region                 0x08000337   Thumb Code     2  heapauxi.o(.text)
    __aeabi_f2d                              0x08000339   Thumb Code     0  f2d.o(.text)
    _f2d                                     0x08000339   Thumb Code    80  f2d.o(.text)
    __aeabi_f2uiz                            0x0800038d   Thumb Code     0  ffixui.o(.text)
    _ffixu                                   0x0800038d   Thumb Code    48  ffixui.o(.text)
    __fpl_dcmp_InfNaN                        0x080003bd   Thumb Code   140  dcmpin.o(.text)
    __fpl_fcmp_InfNaN                        0x0800044d   Thumb Code    96  fcmpin.o(.text)
    __fpl_cmpreturn                          0x080004b1   Thumb Code    46  cmpret.o(.text)
    __fpl_dcheck_NaN2                        0x080004e1   Thumb Code    14  dnan2.o(.text)
    __fpl_fcheck_NaN2                        0x080004f5   Thumb Code    10  fnan2.o(.text)
    __user_setup_stackheap                   0x08000505   Thumb Code    62  sys_stackheap_outer.o(.text)
    exit                                     0x08000543   Thumb Code    16  exit.o(.text)
    __fpl_return_NaN                         0x08000553   Thumb Code    94  retnan.o(.text)
    __user_libspace                          0x080005b1   Thumb Code     8  libspace.o(.text)
    __user_perproc_libspace                  0x080005b1   Thumb Code     0  libspace.o(.text)
    __user_perthread_libspace                0x080005b1   Thumb Code     0  libspace.o(.text)
    _sys_exit                                0x080005b9   Thumb Code     8  sys_exit.o(.text)
    __I$use$semihosting                      0x080005c5   Thumb Code     0  use_no_semi.o(.text)
    __use_no_semihosting_swi                 0x080005c5   Thumb Code     2  use_no_semi.o(.text)
    CMD                                      0x080005c7   Thumb Code    18  ssd1306.o(i.CMD)
    __semihosting_library_function           0x080005c7   Thumb Code     0  indicate_semi.o(.text)
    I2C_Start                                0x080005d9   Thumb Code    56  ssd1306.o(i.I2C_Start)
    I2C_Stop                                 0x0800061d   Thumb Code    54  ssd1306.o(i.I2C_Stop)
    I2C_write                                0x08000659   Thumb Code    34  ssd1306.o(i.I2C_write)
    LCD_Char                                 0x08000681   Thumb Code    90  ssd1306.o(i.LCD_Char)
    LCD_Clear                                0x080006e1   Thumb Code    60  ssd1306.o(i.LCD_Clear)
    LCD_Gotoxy                               0x0800071d   Thumb Code    58  ssd1306.o(i.LCD_Gotoxy)
    LCD_Init                                 0x08000759   Thumb Code    38  ssd1306.o(i.LCD_Init)
    LCD_PrintDec                             0x08000785   Thumb Code    90  ssd1306.o(i.LCD_PrintDec)
    LCD_PrintStr                             0x080007df   Thumb Code    26  ssd1306.o(i.LCD_PrintStr)
    SystemInit                               0x080007f9   Thumb Code   104  system_stm32f0xx.o(i.SystemInit)
    TIM17_IRQHandler                         0x0800086d   Thumb Code    32  main.o(i.TIM17_IRQHandler)
    TIM2_IRQHandler                          0x08000891   Thumb Code     8  main.o(i.TIM2_IRQHandler)
    TimingDelayDec                           0x08000899   Thumb Code    68  main.o(i.TimingDelayDec)
    VL53L0X_getMeasurementTimingBudget       0x0800092d   Thumb Code   152  vl53l0x.o(i.VL53L0X_getMeasurementTimingBudget)
    VL53L0X_getSequenceStepEnables           0x080009d5   Thumb Code    42  vl53l0x.o(i.VL53L0X_getSequenceStepEnables)
    VL53L0X_getSequenceStepTimeouts          0x080009ff   Thumb Code   106  vl53l0x.o(i.VL53L0X_getSequenceStepTimeouts)
    VL53L0X_getSpadInfo                      0x08000a69   Thumb Code   210  vl53l0x.o(i.VL53L0X_getSpadInfo)
    VL53L0X_getVcselPulsePeriod              0x08000b41   Thumb Code    40  vl53l0x.o(i.VL53L0X_getVcselPulsePeriod)
    VL53L0X_init                             0x08000b69   Thumb Code  1096  vl53l0x.o(i.VL53L0X_init)
    VL53L0X_performSingleRefCalibration      0x08000fb1   Thumb Code    58  vl53l0x.o(i.VL53L0X_performSingleRefCalibration)
    VL53L0X_readMulti                        0x08000ff1   Thumb Code   344  vl53l0x.o(i.VL53L0X_readMulti)
    VL53L0X_readRangeContinuousMillimeters   0x08001159   Thumb Code    44  vl53l0x.o(i.VL53L0X_readRangeContinuousMillimeters)
    VL53L0X_readRangeSingleMillimeters       0x08001189   Thumb Code    96  vl53l0x.o(i.VL53L0X_readRangeSingleMillimeters)
    VL53L0X_readReg                          0x080011ed   Thumb Code   330  vl53l0x.o(i.VL53L0X_readReg)
    VL53L0X_readReg16Bit                     0x08001349   Thumb Code   350  vl53l0x.o(i.VL53L0X_readReg16Bit)
    VL53L0X_setMeasurementTimingBudget       0x080014b9   Thumb Code   230  vl53l0x.o(i.VL53L0X_setMeasurementTimingBudget)
    VL53L0X_setSignalRateLimit               0x080015b1   Thumb Code    66  vl53l0x.o(i.VL53L0X_setSignalRateLimit)
    VL53L0X_writeMulti                       0x0800166d   Thumb Code   204  vl53l0x.o(i.VL53L0X_writeMulti)
    VL53L0X_writeReg                         0x08001745   Thumb Code   186  vl53l0x.o(i.VL53L0X_writeReg)
    VL53L0X_writeReg16Bit                    0x0800180d   Thumb Code   206  vl53l0x.o(i.VL53L0X_writeReg16Bit)
    delay_ms                                 0x08001961   Thumb Code    16  main.o(i.delay_ms)
    init_VL53L0X                             0x08001975   Thumb Code    48  vl53l0x.o(i.init_VL53L0X)
    initial                                  0x080019b1   Thumb Code   330  main.o(i.initial)
    main                                     0x08001b19   Thumb Code   128  main.o(i.main)
    __aeabi_cdrcmple                         0x08001bc9   Thumb Code     0  drlef.o(x$fpl$drleqf)
    _drcmple                                 0x08001bc9   Thumb Code   100  drlef.o(x$fpl$drleqf)
    __aeabi_cfcmple                          0x08001c31   Thumb Code     0  flef.o(x$fpl$fleqf)
    _fcmple                                  0x08001c31   Thumb Code    78  flef.o(x$fpl$fleqf)
    __aeabi_fmul                             0x08001c85   Thumb Code     0  fmul.o(x$fpl$fmul)
    _fmul                                    0x08001c85   Thumb Code   172  fmul.o(x$fpl$fmul)
    __I$use$fp                               0x08001d34   Number         0  usenofp.o(x$fpl$usenofp)
    init_lcd                                 0x08001d34   Data          18  ssd1306.o(.constdata)
    font                                     0x08001d46   Data        1120  ssd1306.o(.constdata)
    Region$$Table$$Base                      0x080021a8   Number         0  anon$$obj.o(Region$$Table)
    Region$$Table$$Limit                     0x080021c8   Number         0  anon$$obj.o(Region$$Table)
    i                                        0x20000000   Data           1  main.o(.data)
    j                                        0x20000001   Data           1  main.o(.data)
    flag                                     0x20000002   Data           1  main.o(.data)
    TimingDelay                              0x20000004   Data           2  main.o(.data)
    led_count                                0x20000006   Data           2  main.o(.data)
    sec05_f                                  0x20000008   Data           2  main.o(.data)
    s                                        0x2000000a   Data           2  main.o(.data)
    counter                                  0x2000000c   Data           2  main.o(.data)
    VL53L0X_rev_id                           0x2000000e   Data           1  vl53l0x.o(.data)
    VL53L0X                                  0x20000010   Data          20  vl53l0x.o(.bss)
    __libspace_start                         0x20000024   Data          96  libspace.o(.bss)
    __temporary_stack_top$libspace           0x20000084   Data           0  libspace.o(.bss)



==============================================================================

Memory Map of the image

  Image Entry point : 0x08000165

  Load Region LR_1 (Base: 0x08000000, Size: 0x000021d8, Max: 0xffffffff, ABSOLUTE)

    Execution Region ER_RO (Exec base: 0x08000000, Load base: 0x08000000, Size: 0x000021c8, Max: 0xffffffff, ABSOLUTE)

    Exec Addr    Load Addr    Size         Type   Attr      Idx    E Section Name        Object

    0x08000000   0x08000000   0x000000c0   Data   RO          436    RESET               startup_stm32f042x6.o
    0x080000c0   0x080000c0   0x00000008   Code   RO          482  * !!!main             c_p.l(__main.o)
    0x080000c8   0x080000c8   0x0000003c   Code   RO          679    !!!scatter          c_p.l(__scatter.o)
    0x08000104   0x08000104   0x0000001a   Code   RO          681    !!handler_copy      c_p.l(__scatter_copy.o)
    0x0800011e   0x0800011e   0x00000002   PAD
    0x08000120   0x08000120   0x0000001c   Code   RO          683    !!handler_zi        c_p.l(__scatter_zi.o)
    0x0800013c   0x0800013c   0x00000002   Code   RO          546    .ARM.Collect$$libinit$$00000000  c_p.l(libinit.o)
    0x0800013e   0x0800013e   0x00000000   Code   RO          562    .ARM.Collect$$libinit$$00000002  c_p.l(libinit2.o)
    0x0800013e   0x0800013e   0x00000000   Code   RO          564    .ARM.Collect$$libinit$$00000004  c_p.l(libinit2.o)
    0x0800013e   0x0800013e   0x00000000   Code   RO          567    .ARM.Collect$$libinit$$0000000A  c_p.l(libinit2.o)
    0x0800013e   0x0800013e   0x00000000   Code   RO          569    .ARM.Collect$$libinit$$0000000C  c_p.l(libinit2.o)
    0x0800013e   0x0800013e   0x00000000   Code   RO          571    .ARM.Collect$$libinit$$0000000E  c_p.l(libinit2.o)
    0x0800013e   0x0800013e   0x00000000   Code   RO          574    .ARM.Collect$$libinit$$00000011  c_p.l(libinit2.o)
    0x0800013e   0x0800013e   0x00000000   Code   RO          576    .ARM.Collect$$libinit$$00000013  c_p.l(libinit2.o)
    0x0800013e   0x0800013e   0x00000000   Code   RO          578    .ARM.Collect$$libinit$$00000015  c_p.l(libinit2.o)
    0x0800013e   0x0800013e   0x00000000   Code   RO          580    .ARM.Collect$$libinit$$00000017  c_p.l(libinit2.o)
    0x0800013e   0x0800013e   0x00000000   Code   RO          582    .ARM.Collect$$libinit$$00000019  c_p.l(libinit2.o)
    0x0800013e   0x0800013e   0x00000000   Code   RO          584    .ARM.Collect$$libinit$$0000001B  c_p.l(libinit2.o)
    0x0800013e   0x0800013e   0x00000000   Code   RO          586    .ARM.Collect$$libinit$$0000001D  c_p.l(libinit2.o)
    0x0800013e   0x0800013e   0x00000000   Code   RO          588    .ARM.Collect$$libinit$$0000001F  c_p.l(libinit2.o)
    0x0800013e   0x0800013e   0x00000000   Code   RO          590    .ARM.Collect$$libinit$$00000021  c_p.l(libinit2.o)
    0x0800013e   0x0800013e   0x00000000   Code   RO          592    .ARM.Collect$$libinit$$00000023  c_p.l(libinit2.o)
    0x0800013e   0x0800013e   0x00000000   Code   RO          594    .ARM.Collect$$libinit$$00000025  c_p.l(libinit2.o)
    0x0800013e   0x0800013e   0x00000000   Code   RO          598    .ARM.Collect$$libinit$$0000002C  c_p.l(libinit2.o)
    0x0800013e   0x0800013e   0x00000000   Code   RO          600    .ARM.Collect$$libinit$$0000002E  c_p.l(libinit2.o)
    0x0800013e   0x0800013e   0x00000000   Code   RO          602    .ARM.Collect$$libinit$$00000030  c_p.l(libinit2.o)
    0x0800013e   0x0800013e   0x00000000   Code   RO          604    .ARM.Collect$$libinit$$00000032  c_p.l(libinit2.o)
    0x0800013e   0x0800013e   0x00000002   Code   RO          605    .ARM.Collect$$libinit$$00000033  c_p.l(libinit2.o)
    0x08000140   0x08000140   0x00000002   Code   RO          636    .ARM.Collect$$libshutdown$$00000000  c_p.l(libshutdown.o)
    0x08000142   0x08000142   0x00000000   Code   RO          662    .ARM.Collect$$libshutdown$$00000002  c_p.l(libshutdown2.o)
    0x08000142   0x08000142   0x00000000   Code   RO          664    .ARM.Collect$$libshutdown$$00000004  c_p.l(libshutdown2.o)
    0x08000142   0x08000142   0x00000000   Code   RO          667    .ARM.Collect$$libshutdown$$00000007  c_p.l(libshutdown2.o)
    0x08000142   0x08000142   0x00000000   Code   RO          670    .ARM.Collect$$libshutdown$$0000000A  c_p.l(libshutdown2.o)
    0x08000142   0x08000142   0x00000000   Code   RO          672    .ARM.Collect$$libshutdown$$0000000C  c_p.l(libshutdown2.o)
    0x08000142   0x08000142   0x00000000   Code   RO          675    .ARM.Collect$$libshutdown$$0000000F  c_p.l(libshutdown2.o)
    0x08000142   0x08000142   0x00000002   Code   RO          676    .ARM.Collect$$libshutdown$$00000010  c_p.l(libshutdown2.o)
    0x08000144   0x08000144   0x00000000   Code   RO          499    .ARM.Collect$$rtentry$$00000000  c_p.l(__rtentry.o)
    0x08000144   0x08000144   0x00000000   Code   RO          510    .ARM.Collect$$rtentry$$00000002  c_p.l(__rtentry2.o)
    0x08000144   0x08000144   0x00000006   Code   RO          522    .ARM.Collect$$rtentry$$00000004  c_p.l(__rtentry4.o)
    0x0800014a   0x0800014a   0x00000000   Code   RO          512    .ARM.Collect$$rtentry$$00000009  c_p.l(__rtentry2.o)
    0x0800014a   0x0800014a   0x00000004   Code   RO          513    .ARM.Collect$$rtentry$$0000000A  c_p.l(__rtentry2.o)
    0x0800014e   0x0800014e   0x00000000   Code   RO          515    .ARM.Collect$$rtentry$$0000000C  c_p.l(__rtentry2.o)
    0x0800014e   0x0800014e   0x00000008   Code   RO          516    .ARM.Collect$$rtentry$$0000000D  c_p.l(__rtentry2.o)
    0x08000156   0x08000156   0x00000002   Code   RO          553    .ARM.Collect$$rtexit$$00000000  c_p.l(rtexit.o)
    0x08000158   0x08000158   0x00000000   Code   RO          609    .ARM.Collect$$rtexit$$00000002  c_p.l(rtexit2.o)
    0x08000158   0x08000158   0x00000004   Code   RO          610    .ARM.Collect$$rtexit$$00000003  c_p.l(rtexit2.o)
    0x0800015c   0x0800015c   0x00000006   Code   RO          611    .ARM.Collect$$rtexit$$00000004  c_p.l(rtexit2.o)
    0x08000162   0x08000162   0x00000002   PAD
    0x08000164   0x08000164   0x00000074   Code   RO          437  * .text               startup_stm32f042x6.o
    0x080001d8   0x080001d8   0x0000015a   Code   RO          476    .text               c_p.l(aeabi_sdiv.o)
    0x08000332   0x08000332   0x00000006   Code   RO          480    .text               c_p.l(heapauxi.o)
    0x08000338   0x08000338   0x00000054   Code   RO          486    .text               fz_ps.l(f2d.o)
    0x0800038c   0x0800038c   0x00000030   Code   RO          491    .text               fz_ps.l(ffixui.o)
    0x080003bc   0x080003bc   0x00000090   Code   RO          504    .text               fz_ps.l(dcmpin.o)
    0x0800044c   0x0800044c   0x00000064   Code   RO          506    .text               fz_ps.l(fcmpin.o)
    0x080004b0   0x080004b0   0x0000002e   Code   RO          526    .text               fz_ps.l(cmpret.o)
    0x080004de   0x080004de   0x00000002   PAD
    0x080004e0   0x080004e0   0x00000014   Code   RO          528    .text               fz_ps.l(dnan2.o)
    0x080004f4   0x080004f4   0x00000010   Code   RO          530    .text               fz_ps.l(fnan2.o)
    0x08000504   0x08000504   0x0000003e   Code   RO          532    .text               c_p.l(sys_stackheap_outer.o)
    0x08000542   0x08000542   0x00000010   Code   RO          535    .text               c_p.l(exit.o)
    0x08000552   0x08000552   0x0000005e   Code   RO          547    .text               fz_ps.l(retnan.o)
    0x080005b0   0x080005b0   0x00000008   Code   RO          549    .text               c_p.l(libspace.o)
    0x080005b8   0x080005b8   0x0000000c   Code   RO          606    .text               c_p.l(sys_exit.o)
    0x080005c4   0x080005c4   0x00000002   Code   RO          625    .text               c_p.l(use_no_semi.o)
    0x080005c6   0x080005c6   0x00000000   Code   RO          627    .text               c_p.l(indicate_semi.o)
    0x080005c6   0x080005c6   0x00000012   Code   RO          287    i.CMD               ssd1306.o
    0x080005d8   0x080005d8   0x00000044   Code   RO          289    i.I2C_Start         ssd1306.o
    0x0800061c   0x0800061c   0x0000003c   Code   RO          290    i.I2C_Stop          ssd1306.o
    0x08000658   0x08000658   0x00000028   Code   RO          291    i.I2C_write         ssd1306.o
    0x08000680   0x08000680   0x00000060   Code   RO          292    i.LCD_Char          ssd1306.o
    0x080006e0   0x080006e0   0x0000003c   Code   RO          293    i.LCD_Clear         ssd1306.o
    0x0800071c   0x0800071c   0x0000003a   Code   RO          295    i.LCD_Gotoxy        ssd1306.o
    0x08000756   0x08000756   0x00000002   PAD
    0x08000758   0x08000758   0x0000002c   Code   RO          296    i.LCD_Init          ssd1306.o
    0x08000784   0x08000784   0x0000005a   Code   RO          298    i.LCD_PrintDec      ssd1306.o
    0x080007de   0x080007de   0x0000001a   Code   RO          300    i.LCD_PrintStr      ssd1306.o
    0x080007f8   0x080007f8   0x00000074   Code   RO          444    i.SystemInit        system_stm32f0xx.o
    0x0800086c   0x0800086c   0x00000024   Code   RO            3    i.TIM17_IRQHandler  main.o
    0x08000890   0x08000890   0x00000008   Code   RO            4    i.TIM2_IRQHandler   main.o
    0x08000898   0x08000898   0x00000054   Code   RO            5    i.TimingDelayDec    main.o
    0x080008ec   0x080008ec   0x00000014   Code   RO          100    i.VL53L0X_decodeTimeout  vl53l0x.o
    0x08000900   0x08000900   0x0000002a   Code   RO          101    i.VL53L0X_encodeTimeout  vl53l0x.o
    0x0800092a   0x0800092a   0x00000002   PAD
    0x0800092c   0x0800092c   0x000000a8   Code   RO          102    i.VL53L0X_getMeasurementTimingBudget  vl53l0x.o
    0x080009d4   0x080009d4   0x0000002a   Code   RO          103    i.VL53L0X_getSequenceStepEnables  vl53l0x.o
    0x080009fe   0x080009fe   0x0000006a   Code   RO          104    i.VL53L0X_getSequenceStepTimeouts  vl53l0x.o
    0x08000a68   0x08000a68   0x000000d8   Code   RO          106    i.VL53L0X_getSpadInfo  vl53l0x.o
    0x08000b40   0x08000b40   0x00000028   Code   RO          107    i.VL53L0X_getVcselPulsePeriod  vl53l0x.o
    0x08000b68   0x08000b68   0x00000448   Code   RO          108    i.VL53L0X_init      vl53l0x.o
    0x08000fb0   0x08000fb0   0x00000040   Code   RO          109    i.VL53L0X_performSingleRefCalibration  vl53l0x.o
    0x08000ff0   0x08000ff0   0x00000168   Code   RO          110    i.VL53L0X_readMulti  vl53l0x.o
    0x08001158   0x08001158   0x00000030   Code   RO          111    i.VL53L0X_readRangeContinuousMillimeters  vl53l0x.o
    0x08001188   0x08001188   0x00000064   Code   RO          112    i.VL53L0X_readRangeSingleMillimeters  vl53l0x.o
    0x080011ec   0x080011ec   0x0000015c   Code   RO          113    i.VL53L0X_readReg   vl53l0x.o
    0x08001348   0x08001348   0x00000170   Code   RO          114    i.VL53L0X_readReg16Bit  vl53l0x.o
    0x080014b8   0x080014b8   0x000000f8   Code   RO          117    i.VL53L0X_setMeasurementTimingBudget  vl53l0x.o
    0x080015b0   0x080015b0   0x0000004c   Code   RO          118    i.VL53L0X_setSignalRateLimit  vl53l0x.o
    0x080015fc   0x080015fc   0x00000038   Code   RO          120    i.VL53L0X_timeoutMclksToMicroseconds  vl53l0x.o
    0x08001634   0x08001634   0x00000038   Code   RO          121    i.VL53L0X_timeoutMicrosecondsToMclks  vl53l0x.o
    0x0800166c   0x0800166c   0x000000d8   Code   RO          122    i.VL53L0X_writeMulti  vl53l0x.o
    0x08001744   0x08001744   0x000000c8   Code   RO          123    i.VL53L0X_writeReg  vl53l0x.o
    0x0800180c   0x0800180c   0x000000dc   Code   RO          124    i.VL53L0X_writeReg16Bit  vl53l0x.o
    0x080018e8   0x080018e8   0x00000078   Code   RO            6    i.__NVIC_SetPriority  main.o
    0x08001960   0x08001960   0x00000014   Code   RO            7    i.delay_ms          main.o
    0x08001974   0x08001974   0x0000003c   Code   RO          126    i.init_VL53L0X      vl53l0x.o
    0x080019b0   0x080019b0   0x00000168   Code   RO            8    i.initial           main.o
    0x08001b18   0x08001b18   0x000000b0   Code   RO            9    i.main              main.o
    0x08001bc8   0x08001bc8   0x00000068   Code   RO          484    x$fpl$drleqf        fz_ps.l(drlef.o)
    0x08001c30   0x08001c30   0x00000054   Code   RO          495    x$fpl$fleqf         fz_ps.l(flef.o)
    0x08001c84   0x08001c84   0x000000b0   Code   RO          497    x$fpl$fmul          fz_ps.l(fmul.o)
    0x08001d34   0x08001d34   0x00000000   Code   RO          508    x$fpl$usenofp       fz_ps.l(usenofp.o)
    0x08001d34   0x08001d34   0x00000472   Data   RO          309    .constdata          ssd1306.o
    0x080021a6   0x080021a6   0x00000002   PAD
    0x080021a8   0x080021a8   0x00000020   Data   RO          677    Region$$Table       anon$$obj.o


    Execution Region ER_RW (Exec base: 0x20000000, Load base: 0x080021c8, Size: 0x00000010, Max: 0xffffffff, ABSOLUTE)

    Exec Addr    Load Addr    Size         Type   Attr      Idx    E Section Name        Object

    0x20000000   0x080021c8   0x0000000e   Data   RW           11    .data               main.o
    0x2000000e   0x080021d6   0x00000001   Data   RW          128    .data               vl53l0x.o


    Execution Region ER_ZI (Exec base: 0x20000010, Load base: 0x080021d8, Size: 0x00000678, Max: 0xffffffff, ABSOLUTE)

    Exec Addr    Load Addr    Size         Type   Attr      Idx    E Section Name        Object

    0x20000010        -       0x00000014   Zero   RW          127    .bss                vl53l0x.o
    0x20000024        -       0x00000060   Zero   RW          550    .bss                c_p.l(libspace.o)
    0x20000084   0x080021d8   0x00000004   PAD
    0x20000088        -       0x00000200   Zero   RW          435    HEAP                startup_stm32f042x6.o
    0x20000288        -       0x00000400   Zero   RW          434    STACK               startup_stm32f042x6.o


==============================================================================

Image component sizes


      Code (inc. data)   RO Data    RW Data    ZI Data      Debug   Object Name

       804        112          0         14          0     372258   main.o
       560         36       1138          0          0       5830   ssd1306.o
       116         56        192          0       1536        676   startup_stm32f042x6.o
       116         12          0          0          0        485   system_stm32f0xx.o
      4150        180          0          1         20      20127   vl53l0x.o

    ----------------------------------------------------------------------
      5750        396       1364         16       1556     399376   Object Totals
         0          0         32          0          0          0   (incl. Generated)
         4          0          2          1          0          0   (incl. Padding)

    ----------------------------------------------------------------------

      Code (inc. data)   RO Data    RW Data    ZI Data      Debug   Library Member Name

         8          0          0          0          0         68   __main.o
         0          0          0          0          0          0   __rtentry.o
        12          0          0          0          0          0   __rtentry2.o
         6          0          0          0          0          0   __rtentry4.o
        60          8          0          0          0          0   __scatter.o
        26          0          0          0          0          0   __scatter_copy.o
        28          0          0          0          0          0   __scatter_zi.o
       346          0          0          0          0         92   aeabi_sdiv.o
        16          0          0          0          0         68   exit.o
         6          0          0          0          0        136   heapauxi.o
         0          0          0          0          0          0   indicate_semi.o
         2          0          0          0          0          0   libinit.o
         2          0          0          0          0          0   libinit2.o
         2          0          0          0          0          0   libshutdown.o
         2          0          0          0          0          0   libshutdown2.o
         8          4          0          0         96         68   libspace.o
         2          0          0          0          0          0   rtexit.o
        10          0          0          0          0          0   rtexit2.o
        12          4          0          0          0         60   sys_exit.o
        62          0          0          0          0         80   sys_stackheap_outer.o
         2          0          0          0          0         68   use_no_semi.o
        46          0          0          0          0         60   cmpret.o
       144          4          0          0          0         76   dcmpin.o
        20          6          0          0          0         68   dnan2.o
       104          4          0          0          0        104   drlef.o
        84          4          0          0          0         60   f2d.o
       100          4          0          0          0         68   fcmpin.o
        48          0          0          0          0         60   ffixui.o
        84          4          0          0          0         76   flef.o
       176          4          0          0          0         80   fmul.o
        16          6          0          0          0         68   fnan2.o
        94          0          0          0          0         68   retnan.o
         0          0          0          0          0          0   usenofp.o

    ----------------------------------------------------------------------
      1534         52          0          0        100       1428   Library Totals
         6          0          0          0          4          0   (incl. Padding)

    ----------------------------------------------------------------------

      Code (inc. data)   RO Data    RW Data    ZI Data      Debug   Library Name

       612         16          0          0         96        640   c_p.l
       916         36          0          0          0        788   fz_ps.l

    ----------------------------------------------------------------------
      1534         52          0          0        100       1428   Library Totals

    ----------------------------------------------------------------------

==============================================================================


      Code (inc. data)   RO Data    RW Data    ZI Data      Debug   

      7284        448       1364         16       1656     398524   Grand Totals
      7284        448       1364         16       1656     398524   ELF Image Totals
      7284        448       1364         16          0          0   ROM Totals

==============================================================================

    Total RO  Size (Code + RO Data)                 8648 (   8.45kB)
    Total RW  Size (RW Data + ZI Data)              1672 (   1.63kB)
    Total ROM Size (Code + RO Data + RW Data)       8664 (   8.46kB)

==============================================================================

